]0;~/Google 드라이브/Works/Class/Data_Science/R.WD/Summer_Camp[?1034hKee-Wonui-iMac-27:Summer_Camp coop2711$ [KKee-Wonui-iMac-27:Summer_Camp coop2711$ find . [K[K[K[K[K[K[Kgit push -u origin mastercommit -m "records modified"add -A .[Kfind . -name "Icon?" -print0 | xargs -0 rm -rf[C[C[C[C[C[C[C[C[C[C[C[C[C[C[C[C[C[C[C[C[C[C[C[C[C[C[C[C[C[C[C[C[C[C[C[C[C[C[C[C[14Pgit commit -m "records modified"find . -name "Icon?" -print0 | xargs -0 rm -rf
]0;~/Google 드라이브/Works/Class/Data_Science/R.WD/Summer_CampKee-Wonui-iMac-27:Summer_Camp coop2711$ ls -al
total 24
drwxr-xr-x@  9 coop2711  staff   306 Jul 22 07:57 .
drwxr-xr-x@ 31 coop2711  staff  1054 Jul 22 07:44 ..
-rw-r--r--@  1 coop2711  staff  6148 Jul 22 07:45 .DS_Store
drwxr-xr-x@  4 coop2711  staff   136 Jul 22 07:57 .Rproj.user
drwxr-xr-x@ 11 coop2711  staff   374 Jul 22 07:57 R
-rw-r--r--   1 coop2711  staff   205 Jul 22 07:54 Summer_Camp.Rproj
drwxr-xr-x   2 coop2711  staff    68 Jul 22 07:44 data
drwxr-xr-x@  2 coop2711  staff    68 Jul 22 07:57 docs
drwxr-xr-x@ 20 coop2711  staff   680 Jul 22 07:57 pics
]0;~/Google 드라이브/Works/Class/Data_Science/R.WD/Summer_CampKee-Wonui-iMac-27:Summer_Camp coop2711$ git init
Initialized empty Git repository in /Users/coop2711/Google 드라이브/Works/Class/Data_Science/R.WD/Summer_Camp/.git/
]0;~/Google 드라이브/Works/Class/Data_Science/R.WD/Summer_CampKee-Wonui-iMac-27:Summer_Camp coop2711$ ls -al
total 24
drwxr-xr-x@ 10 coop2711  staff   340 Jul 22 07:58 .
drwxr-xr-x@ 31 coop2711  staff  1054 Jul 22 07:44 ..
-rw-r--r--@  1 coop2711  staff  6148 Jul 22 07:45 .DS_Store
drwxr-xr-x@  4 coop2711  staff   136 Jul 22 07:57 .Rproj.user
drwxr-xr-x@ 11 coop2711  staff   374 Jul 22 07:58 .git
drwxr-xr-x@ 11 coop2711  staff   374 Jul 22 07:57 R
-rw-r--r--   1 coop2711  staff   205 Jul 22 07:54 Summer_Camp.Rproj
drwxr-xr-x   2 coop2711  staff    68 Jul 22 07:44 data
drwxr-xr-x@  2 coop2711  staff    68 Jul 22 07:57 docs
drwxr-xr-x@ 20 coop2711  staff   680 Jul 22 07:57 pics
]0;~/Google 드라이브/Works/Class/Data_Science/R.WD/Summer_CampKee-Wonui-iMac-27:Summer_Camp coop2711$ git status
On branch master

No commits yet

Untracked files:
  (use "git add <file>..." to include in what will be committed)

	[31m.DS_Store[m
	[31m.Rproj.user/[m
	[31mR/[m
	[31mSummer_Camp.Rproj[m
	[31mpics/[m

nothing added to commit but untracked files present (use "git add" to track)
]0;~/Google 드라이브/Works/Class/Data_Science/R.WD/Summer_CampKee-Wonui-iMac-27:Summer_Camp coop2711$ git add -A .
]0;~/Google 드라이브/Works/Class/Data_Science/R.WD/Summer_CampKee-Wonui-iMac-27:Summer_Camp coop2711$ git commi[K[K[K[K[K[K[K[K[Kgit add -A .[2Pstatus[4Pls -algit init[2Pls -alfind . -name "Icon?" -print0 | xargs -0 rm -rf
]0;~/Google 드라이브/Works/Class/Data_Science/R.WD/Summer_CampKee-Wonui-iMac-27:Summer_Camp coop2711$ find . -name "Icon?" -print0 | xargs -0 rm -rf[C[C[C[C[C[C[C[C[C[C[C[C[C[C[C[C[C[C[C[C[C[C[C[C[C[C[C[C[C[C[C[C[C[C[C[C[C[C[C[Cgit add -A .[K[2Pstatus
On branch master

No commits yet

Changes to be committed:
  (use "git rm --cached <file>..." to unstage)

	[32mnew file:   .DS_Store[m
	[32mnew file:   .Rproj.user/6DF1EF29/console06/9096BD87[m
	[32mnew file:   .Rproj.user/6DF1EF29/console06/9096BD87.env[m
	[32mnew file:   .Rproj.user/6DF1EF29/console06/INDEX001[m
	[32mnew file:   .Rproj.user/6DF1EF29/sources/prop/71CB592E[m
	[32mnew file:   .Rproj.user/6DF1EF29/sources/prop/INDEX[m
	[32mnew file:   .Rproj.user/6DF1EF29/sources/s-7EE64CE/BB391E62[m
	[32mnew file:   .Rproj.user/6DF1EF29/sources/s-7EE64CE/BB391E62-contents[m
	[32mnew file:   .Rproj.user/6DF1EF29/sources/s-7EE64CE/lock_file[m
	[32mnew file:   .Rproj.user/shared/notebooks/patch-chunk-names[m
	[32mnew file:   .Rproj.user/shared/notebooks/paths[m
	[32mnew file:   R/JTBC_20150303.Rmd[m
	[32mnew file:   R/JTBC_20150303_ggplot.Rmd[m
	[32mnew file:   R/Pandora2019.Rmd[m
	[32mnew file:   R/Pandora2019.html[m
	[32mnew file:   R/Pandora2019_ggplot.Rmd[m
	[32mnew file:   R/poll_JTBC_0216.Rmd[m
	[32mnew file:   R/poll_JTBC_1702.Rmd[m
	[32mnew file:   R/poll_JTBC_170314.Rmd[m
	[32mnew file:   R/poll_SBS_170331.Rmd[m
	[32mnew file:   Summer_Camp.Rproj[m
	[32mnew file:   pics/ poll_0314_source.png[m
	[32mnew file:   pics/ poll_JTBC_YRKim_law.png[m
	[32mnew file:   pics/JTBC_20150303.png[m
	[32mnew file:   pics/JTBC_20150303v2.png[m
	[32mnew file:   pics/SBS_170331.jpg[m
	[32mnew file:   pics/jtbc150303.png[m
	[32mnew file:   pics/jtbc1702.png[m
	[32mnew file:   pics/jtbc170216.png[m
	[32mnew file:   pics/jtbc170314.png[m
	[32mnew file:   pics/pandora.png[m
	[32mnew file:   pics/pandora1903.jpg[m
	[32mnew file:   pics/poll_201702_JTBC.jpg[m
	[32mnew file:   pics/poll_201702_YTN.jpg[m
	[32mnew file:   pics/poll_20170314_JTBC.jpg[m
	[32mnew file:   pics/poll_20170315_ChannelA.jpg[m
	[32mnew file:   pics/poll_20170315_real_meter.jpg[m
	[32mnew file:   pics/poll_20170315_real_meter2.jpg[m
	[32mnew file:   pics/poll_2017_JTBC.jpg[m

Changes not staged for commit:
  (use "git add <file>..." to update what will be committed)
  (use "git checkout -- <file>..." to discard changes in working directory)

	[31mmodified:   .Rproj.user/6DF1EF29/console06/9096BD87[m

]0;~/Google 드라이브/Works/Class/Data_Science/R.WD/Summer_CampKee-Wonui-iMac-27:Summer_Camp coop2711$ git statusfind . -name "Icon?" -print0 | xargs -0 rm -rf[C[C[C[C[C[C[C[C[C[C[C[C[C[C[C[C[C[C[C[C[C[C[C[C[C[C[C[C[C[C[C[C[C[C[C[C[C[C[C[Cgit add -A .[K[2Pstatus[4Pls -algit init[2Pls -alfind . -name "Icon?" -print0 | xargs -0 rm -rf[C[C[C[C[C[C[C[C[C[C[C[C[C[C[C[C[C[C[C[C[C[C[C[C[C[C[C[C[C[C[C[C[C[C[C[C[C[C[C[C[21Pgit push -u origin mastercommit -m "records modified"[1P"[1P"[1P"[1P"[1P"[1P"[1P"[1P"[1P"[1P"[1P"[1P"[1P"[1P"[1P"[1P"s"t"[1P"[1P"s"u"m"m"e"r" "c"a"m"p" "s"t"a"r"t"e"d"
[master (root-commit) 426e6ef] summer camp started
 39 files changed, 1700 insertions(+)
 create mode 100644 .DS_Store
 create mode 100644 .Rproj.user/6DF1EF29/console06/9096BD87
 create mode 100644 .Rproj.user/6DF1EF29/console06/9096BD87.env
 create mode 100644 .Rproj.user/6DF1EF29/console06/INDEX001
 create mode 100644 .Rproj.user/6DF1EF29/sources/prop/71CB592E
 create mode 100644 .Rproj.user/6DF1EF29/sources/prop/INDEX
 create mode 100644 .Rproj.user/6DF1EF29/sources/s-7EE64CE/BB391E62
 create mode 100644 .Rproj.user/6DF1EF29/sources/s-7EE64CE/BB391E62-contents
 create mode 100644 .Rproj.user/6DF1EF29/sources/s-7EE64CE/lock_file
 create mode 100644 .Rproj.user/shared/notebooks/patch-chunk-names
 create mode 100644 .Rproj.user/shared/notebooks/paths
 create mode 100755 R/JTBC_20150303.Rmd
 create mode 100644 R/JTBC_20150303_ggplot.Rmd
 create mode 100644 R/Pandora2019.Rmd
 create mode 100644 R/Pandora2019.html
 create mode 100644 R/Pandora2019_ggplot.Rmd
 create mode 100644 R/poll_JTBC_0216.Rmd
 create mode 100644 R/poll_JTBC_1702.Rmd
 create mode 100755 R/poll_JTBC_170314.Rmd
 create mode 100755 R/poll_SBS_170331.Rmd
 create mode 100644 Summer_Camp.Rproj
 create mode 100755 pics/ poll_0314_source.png
 create mode 100755 pics/ poll_JTBC_YRKim_law.png
 create mode 100755 pics/JTBC_20150303.png
 create mode 100755 pics/JTBC_20150303v2.png
 create mode 100755 pics/SBS_170331.jpg
 create mode 100644 pics/jtbc150303.png
 create mode 100644 pics/jtbc1702.png
 create mode 100644 pics/jtbc170216.png
 create mode 100644 pics/jtbc170314.png
 create mode 100644 pics/pandora.png
 create mode 100644 pics/pandora1903.jpg
 create mode 100755 pics/poll_201702_JTBC.jpg
 create mode 100755 pics/poll_201702_YTN.jpg
 create mode 100755 pics/poll_20170314_JTBC.jpg
 create mode 100755 pics/poll_20170315_ChannelA.jpg
 create mode 100755 pics/poll_20170315_real_meter.jpg
 create mode 100755 pics/poll_20170315_real_meter2.jpg
 create mode 100755 pics/poll_2017_JTBC.jpg
]0;~/Google 드라이브/Works/Class/Data_Science/R.WD/Summer_CampKee-Wonui-iMac-27:Summer_Camp coop2711$ git commit -m "summer camp started"status[Kcommit -m "summer camp started"[Kgit push -u origin[K[K[K[K[K[K[K[K[K[K[K[K[K[Kremote add origin https://github.com/coop711/Summer_camp .git [A[C[C[C[C[C[C[C[C[C[C[C[C[C[C[C[C[C[C[C[C[C[C[C[C[C[C[C[C[C[C[C[C[C[C[C[C[C[C[C[C[C[C[C[C[C[C[C[C[C[C[C[C[C[C[C[C[C[C[C[C[C[C[C[C[C[C[C[C[C[C[C[C[C[C[C[C[C[C[C[C[C[C[C[C[C[C[C[C[C[C[C[C[C[C[C[C[C[C[Camp.g[1P[A[C[C[C[C[C[C[C[C[C[C[C[C[C[C[C[C[C[C[C[C[C[C[C[C[C[C[C[C[C[C[C[C[C[C[C[C[C[C[C[C[C[C[C[C[C[C[C[C[C[C[C[C[C[C[C[C[C[C[C[C[C[C[C[C[C[C[C[C[C[C[C[C[C[C[C[C[C[C[C[C[C[C[C[C[C[C[C[C[C[C[C[C[C[C[CCamp.[1@g[A[C[C[C[C[C[C[C[C[C[C[C[C[C[C[C[C[C[C[C[C[C[C[C[C[C[C[C[C[C[C[C[C[C[C[C[C[C[C[C[C[C[C[C[C[C[C[C[C[C[C[C[C[C[C[C[C[C[C[C[C[C[C[C[C[C[C[C[C[C[C[C[C[C[C[C[C[C[C[C[C[C[C[C[C[C[C[C[C[C[C[C[C[C[C[C

]0;~/Google 드라이브/Works/Class/Data_Science/R.WD/Summer_CampKee-Wonui-iMac-27:Summer_Camp coop2711$ git push -u origin master
fatal: cannot run rpostback-askpass: No such file or directory
Username for 'https://github.com': coop711
fatal: cannot run rpostback-askpass: No such file or directory
Password for 'https://coop711@github.com': 
remote: Invalid username or password.
fatal: Authentication failed for 'https://github.com/coop711/Summer_Camp.git/'
[KKee-Wonui-New-MacBook:Summer_Camp coop2711$ git remote -v
origin	https://github.com/coop711/Summer_Camp.git (fetch)
origin	https://github.com/coop711/Summer_Camp.git (push)
]0;~/Google 드라이브/Works/Class/Data_Science/R.WD/Summer_CampKee-Wonui-New-MacBook:Summer_Camp coop2711$ git push -u origin mast er
Enumerating objects: 49, done.
Counting objects:   2% (1/49)   Counting objects:   4% (2/49)   Counting objects:   6% (3/49)   Counting objects:   8% (4/49)   Counting objects:  10% (5/49)   Counting objects:  12% (6/49)   Counting objects:  14% (7/49)   Counting objects:  16% (8/49)   Counting objects:  18% (9/49)   Counting objects:  20% (10/49)   Counting objects:  22% (11/49)   Counting objects:  24% (12/49)   Counting objects:  26% (13/49)   Counting objects:  28% (14/49)   Counting objects:  30% (15/49)   Counting objects:  32% (16/49)   Counting objects:  34% (17/49)   Counting objects:  36% (18/49)   Counting objects:  38% (19/49)   Counting objects:  40% (20/49)   Counting objects:  42% (21/49)   Counting objects:  44% (22/49)   Counting objects:  46% (23/49)   Counting objects:  48% (24/49)   Counting objects:  51% (25/49)   Counting objects:  53% (26/49)   Counting objects:  55% (27/49)   Counting objects:  57% (28/49)   Counting objects:  59% (29/49)   Counting objects:  61% (30/49)   Counting objects:  63% (31/49)   Counting objects:  65% (32/49)   Counting objects:  67% (33/49)   Counting objects:  69% (34/49)   Counting objects:  71% (35/49)   Counting objects:  73% (36/49)   Counting objects:  75% (37/49)   Counting objects:  77% (38/49)   Counting objects:  79% (39/49)   Counting objects:  81% (40/49)   Counting objects:  83% (41/49)   Counting objects:  85% (42/49)   Counting objects:  87% (43/49)   Counting objects:  89% (44/49)   Counting objects:  91% (45/49)   Counting objects:  93% (46/49)   Counting objects:  95% (47/49)   Counting objects:  97% (48/49)   Counting objects: 100% (49/49)   Counting objects: 100% (49/49), done.
Delta compression using up to 4 threads
Compressing objects:   2% (1/46)   Compressing objects:   4% (2/46)   Compressing objects:   6% (3/46)   Compressing objects:   8% (4/46)   Compressing objects:  10% (5/46)   Compressing objects:  13% (6/46)   Compressing objects:  15% (7/46)   Compressing objects:  17% (8/46)   Compressing objects:  19% (9/46)   Compressing objects:  21% (10/46)   Compressing objects:  23% (11/46)   Compressing objects:  26% (12/46)   Compressing objects:  28% (13/46)   Compressing objects:  30% (14/46)   Compressing objects:  32% (15/46)   Compressing objects:  34% (16/46)   Compressing objects:  36% (17/46)   Compressing objects:  39% (18/46)   Compressing objects:  41% (19/46)   Compressing objects:  43% (20/46)   Compressing objects:  45% (21/46)   Compressing objects:  47% (22/46)   Compressing objects:  50% (23/46)   Compressing objects:  52% (24/46)   Compressing objects:  54% (25/46)   Compressing objects:  56% (26/46)   Compressing objects:  58% (27/46)   Compressing objects:  60% (28/46)   Compressing objects:  63% (29/46)   Compressing objects:  65% (30/46)   Compressing objects:  67% (31/46)   Compressing objects:  69% (32/46)   Compressing objects:  71% (33/46)   Compressing objects:  73% (34/46)   Compressing objects:  76% (35/46)   Compressing objects:  78% (36/46)   Compressing objects:  80% (37/46)   Compressing objects:  82% (38/46)   Compressing objects:  84% (39/46)   Compressing objects:  86% (40/46)   Compressing objects:  89% (41/46)   Compressing objects:  91% (42/46)   Compressing objects:  93% (43/46)   Compressing objects:  95% (44/46)   Compressing objects:  97% (45/46)   Compressing objects: 100% (46/46)   Compressing objects: 100% (46/46), done.
Writing objects:   2% (1/49)   Writing objects:   4% (2/49)   Writing objects:   6% (3/49)   Writing objects:   8% (4/49)   Writing objects:  10% (5/49)   Writing objects:  12% (6/49)   Writing objects:  14% (7/49)   Writing objects:  16% (8/49)   Writing objects:  18% (9/49)   Writing objects:  20% (10/49)   Writing objects:  22% (11/49)   Writing objects:  24% (12/49)   Writing objects:  26% (13/49)   Writing objects:  28% (14/49)   Writing objects:  30% (15/49)   Writing objects:  32% (16/49)   Writing objects:  34% (17/49)   Writing objects:  36% (18/49)   Writing objects:  38% (19/49)   Writing objects:  40% (20/49)   Writing objects:  42% (21/49)   Writing objects:  46% (23/49)   Writing objects:  48% (24/49)   Writing objects:  51% (25/49)   Writing objects:  53% (26/49)   Writing objects:  55% (27/49)   Writing objects:  57% (28/49)   Writing objects:  59% (29/49)   Writing objects:  61% (30/49)   Writing objects:  63% (31/49)   Writing objects:  65% (32/49)   Writing objects:  65% (32/49), 1.07 MiB | 665.00 KiB/s   Writing objects:  67% (33/49), 1.07 MiB | 665.00 KiB/s   Writing objects:  69% (34/49), 1.07 MiB | 665.00 KiB/s   Writing objects:  71% (35/49), 1.07 MiB | 665.00 KiB/s   Writing objects:  73% (36/49), 1.07 MiB | 665.00 KiB/s   Writing objects:  75% (37/49), 1.07 MiB | 665.00 KiB/s   Writing objects:  77% (38/49), 1.07 MiB | 665.00 KiB/s   Writing objects:  79% (39/49), 1.07 MiB | 665.00 KiB/s   Writing objects:  81% (40/49), 1.07 MiB | 665.00 KiB/s   Writing objects:  83% (41/49), 1.07 MiB | 665.00 KiB/s   Writing objects:  85% (42/49), 1.07 MiB | 665.00 KiB/s   Writing objects:  87% (43/49), 1.07 MiB | 665.00 KiB/s   Writing objects:  89% (44/49), 1.07 MiB | 665.00 KiB/s   Writing objects:  91% (45/49), 1.07 MiB | 665.00 KiB/s   Writing objects:  93% (46/49), 1.07 MiB | 665.00 KiB/s   Writing objects:  95% (47/49), 1.07 MiB | 665.00 KiB/s   Writing objects:  97% (48/49), 1.07 MiB | 665.00 KiB/s   Writing objects: 100% (49/49), 1.07 MiB | 665.00 KiB/s   Writing objects: 100% (49/49), 2.06 MiB | 1.16 MiB/s, done.
Total 49 (delta 1), reused 0 (delta 0)
remote: Resolving deltas:   0% (0/1)   [Kremote: Resolving deltas: 100% (1/1)   [Kremote: Resolving deltas: 100% (1/1), done.[K
To https://github.com/coop711/Summer_Camp.git
 * [new branch]      master -> master
Branch 'master' set up to track remote branch 'master' from 'origin'.
]0;~/Google 드라이브/Works/Class/Data_Science/R.WD/Summer_CampKee-Wonui-New-MacBook:Summer_Camp coop2711$ ls -al
total 2064
drwxr-xr-x@ 11 coop2711  staff     374 Jul 22 07:57 .
drwxr-xr-x@ 11 coop2711  staff     374 Jul 22 08:04 ..
-rwxr-xr-x   1 coop2711  staff    3364 May 26 19:18 JTBC_20150303.Rmd
-rw-------   1 coop2711  staff    4106 May 27 16:04 JTBC_20150303_ggplot.Rmd
-rw-------   1 coop2711  staff    3369 May 27 16:21 Pandora2019.Rmd
-rw-r--r--   1 coop2711  staff  993597 Jul 22 07:57 Pandora2019.html
-rw-------   1 coop2711  staff    4295 May 26 19:09 Pandora2019_ggplot.Rmd
-rw-r--r--   1 coop2711  staff    4672 May  6 00:15 poll_JTBC_0216.Rmd
-rw-------   1 coop2711  staff    4307 May 26 22:59 poll_JTBC_1702.Rmd
-rwxr-xr-x   1 coop2711  staff    5080 May  6 00:15 poll_JTBC_170314.Rmd
-rwxr-xr-x   1 coop2711  staff    8723 May  6 00:15 poll_SBS_170331.Rmd
]0;~/Google 드라이브/Works/Class/Data_Science/R.WD/Summer_Camp/RKee-Wonui-iMac-27:R coop2711$ git remote -v
origin	https://github.com/coop711/Summer_Camp.git (fetch)
origin	https://github.com/coop711/Summer_Camp.git (push)
]0;~/Google 드라이브/Works/Class/Data_Science/R.WD/Summer_Camp/RKee-Wonui-iMac-27:R coop2711$ git pull
From https://github.com/coop711/Summer_Camp
 * [new branch]      master     -> origin/master
Already up to date.
]0;~/Google 드라이브/Works/Class/Data_Science/R.WD/Summer_Camp/RKee-Wonui-iMac-27:R coop2711$ git status
On branch master
Your branch is up to date with 'origin/master'.

Changes not staged for commit:
  (use "git add/rm <file>..." to update what will be committed)
  (use "git checkout -- <file>..." to discard changes in working directory)

	[31mmodified:   ../.Rproj.user/6DF1EF29/console06/9096BD87[m
	[31mmodified:   ../.Rproj.user/6DF1EF29/console06/9096BD87.env[m
	[31mmodified:   ../.Rproj.user/6DF1EF29/console06/INDEX001[m
	[31mdeleted:    ../.Rproj.user/6DF1EF29/sources/s-7EE64CE/BB391E62[m
	[31mdeleted:    ../.Rproj.user/6DF1EF29/sources/s-7EE64CE/BB391E62-contents[m
	[31mdeleted:    ../.Rproj.user/6DF1EF29/sources/s-7EE64CE/lock_file[m

Untracked files:
  (use "git add <file>..." to include in what will be committed)

	[31m../.gitignore[m

no changes added to commit (use "git add" and/or "git commit -a")
git status
On branch master
Your branch is up to date with 'origin/master'.

Changes not staged for commit:
  (use "git add/rm <file>..." to update what will be committed)
  (use "git checkout -- <file>..." to discard changes in working directory)

	[31mmodified:   ../.Rproj.user/6DF1EF29/console06/9096BD87[m
	[31mmodified:   ../.Rproj.user/6DF1EF29/console06/9096BD87.env[m
	[31mmodified:   ../.Rproj.user/6DF1EF29/console06/INDEX001[m
	[31mmodified:   ../.Rproj.user/6DF1EF29/sources/prop/INDEX[m
	[31mdeleted:    ../.Rproj.user/6DF1EF29/sources/s-7EE64CE/BB391E62[m
	[31mdeleted:    ../.Rproj.user/6DF1EF29/sources/s-7EE64CE/BB391E62-contents[m
	[31mdeleted:    ../.Rproj.user/6DF1EF29/sources/s-7EE64CE/lock_file[m
	[31mmodified:   ../.Rproj.user/shared/notebooks/paths[m

Untracked files:
  (use "git add <file>..." to include in what will be committed)

	[31m../.gitignore[m
	[31mGraunt_US_Halley1801.Rmd[m
	[31mGraunt_US_Halley1801.html[m
	[31mGraunt_US_Halley1801_en_Summary.Rmd[m
	[31marea.R[m
	[31mgraunt_halley_160406.RData[m
	[31mpoll_JTBC_1702.html[m
	[31mpoll_JTBC_1702_ggplot.Rmd[m
	[31mpoll_JTBC_1702_ggplot.html[m
	[31m../pics/graunt_ggplots.png[m
	[31m../pics/graunt_table.png[m
	[31m../pics/poll_JTBC_1702.png[m
	[31m../pics/poll_JTBC_1702_plots.png[m

no changes added to commit (use "git add" and/or "git commit -a")
]0;~/Google 드라이브/Works/Class/Data_Science/R.WD/Summer_Camp/RKee-Wonui-iMac-27:R coop2711$ git add -A .
]0;~/Google 드라이브/Works/Class/Data_Science/R.WD/Summer_Camp/RKee-Wonui-iMac-27:R coop2711$ git comm[K[K[K[Kstatus
On branch master
Your branch is up to date with 'origin/master'.

Changes to be committed:
  (use "git reset HEAD <file>..." to unstage)

	[32mnew file:   Graunt_US_Halley1801.Rmd[m
	[32mnew file:   Graunt_US_Halley1801.html[m
	[32mnew file:   Graunt_US_Halley1801_en_Summary.Rmd[m
	[32mnew file:   area.R[m
	[32mnew file:   graunt_halley_160406.RData[m
	[32mnew file:   poll_JTBC_1702.html[m
	[32mnew file:   poll_JTBC_1702_ggplot.Rmd[m
	[32mnew file:   poll_JTBC_1702_ggplot.html[m

Changes not staged for commit:
  (use "git add/rm <file>..." to update what will be committed)
  (use "git checkout -- <file>..." to discard changes in working directory)

	[31mmodified:   ../.Rproj.user/6DF1EF29/console06/9096BD87[m
	[31mmodified:   ../.Rproj.user/6DF1EF29/console06/9096BD87.env[m
	[31mmodified:   ../.Rproj.user/6DF1EF29/console06/INDEX001[m
	[31mmodified:   ../.Rproj.user/6DF1EF29/sources/prop/INDEX[m
	[31mdeleted:    ../.Rproj.user/6DF1EF29/sources/s-7EE64CE/BB391E62[m
	[31mdeleted:    ../.Rproj.user/6DF1EF29/sources/s-7EE64CE/BB391E62-contents[m
	[31mdeleted:    ../.Rproj.user/6DF1EF29/sources/s-7EE64CE/lock_file[m
	[31mmodified:   ../.Rproj.user/shared/notebooks/paths[m

Untracked files:
  (use "git add <file>..." to include in what will be committed)

	[31m../.gitignore[m
	[31m../pics/graunt_ggplots.png[m
	[31m../pics/graunt_table.png[m
	[31m../pics/poll_JTBC_1702.png[m
	[31m../pics/poll_JTBC_1702_plots.png[m

]0;~/Google 드라이브/Works/Class/Data_Science/R.WD/Summer_Camp/RKee-Wonui-iMac-27:R coop2711$ git commit -m "graunt added"
[master b6f3292] graunt added
 8 files changed, 3776 insertions(+)
 create mode 100644 R/Graunt_US_Halley1801.Rmd
 create mode 100644 R/Graunt_US_Halley1801.html
 create mode 100644 R/Graunt_US_Halley1801_en_Summary.Rmd
 create mode 100644 R/area.R
 create mode 100644 R/graunt_halley_160406.RData
 create mode 100644 R/poll_JTBC_1702.html
 create mode 100644 R/poll_JTBC_1702_ggplot.Rmd
 create mode 100644 R/poll_JTBC_1702_ggplot.html
]0;~/Google 드라이브/Works/Class/Data_Science/R.WD/Summer_Camp/RKee-Wonui-iMac-27:R coop2711$ git push -u origin master
fatal: cannot run rpostback-askpass: No such file or directory
Username for 'https://github.com': coop711
fatal: cannot run rpostback-askpass: No such file or directory
Password for 'https://coop711@github.com': 
remote: Invalid username or password.
fatal: Authentication failed for 'https://github.com/coop711/Summer_Camp.git/'
]0;~/Google 드라이브/Works/Class/Data_Science/R.WD/Summer_Camp/RKee-Wonui-iMac-27:R coop2711$ git push -u origin master[1P master[1P master[1P master[1P master[1P master[1P master[1Pmaster[1P master[1P masterh mastert mastert masterp masters master: master/ master/ masterg masteri mastert masterh masteru masterb master. masterc mastero masterm master/ master[1@c[1@o[1@o[1@p[1@7[1@1[1@1[1@@[C[C[C[C[C[C[C[C[C[C[Cc mastero mastero masterp master7 master1 master1 master/ masterC master[1P masterS masteru masterm masterm mastere masterr master_ masterC mastera masterm masterp master. masterg masteri mastert master
fatal: cannot run rpostback-askpass: No such file or directory
Password for 'https://coop711@github.com': 
remote: Invalid username or password.
fatal: Authentication failed for 'https://coop711@github.com/coop711/Summer_Camp.git/'
]0;~/Google 드라이브/Works/Class/Data_Science/R.WD/Summer_Camp/RKee-Wonui-iMac-27:R coop2711$ git config -l
[?1h=credential.helper=osxkeychain[m
user.name=coop711[m
user.email=coop711@icloud.com[m
filter.lfs.required=true[m
filter.lfs.clean=git-lfs clean -- %f[m
filter.lfs.smudge=git-lfs smudge -- %f[m
filter.lfs.process=git-lfs filter-process[m
core.repositoryformatversion=0[m
core.filemode=true[m
core.bare=false[m
core.logallrefupdates=true[m
core.ignorecase=true[m
core.precomposeunicode=true[m
remote.origin.url=https://github.com/coop711/Summer_Camp.git[m
remote.origin.fetch=+refs/heads/*:refs/remotes/origin/*[m
:[K...skipping...
credential.helper=osxkeychain[m
user.name=coop711[m
user.email=coop711@icloud.com[m
filter.lfs.required=true[m
filter.lfs.clean=git-lfs clean -- %f[m
filter.lfs.smudge=git-lfs smudge -- %f[m
filter.lfs.process=git-lfs filter-process[m
core.repositoryformatversion=0[m
core.filemode=true[m
core.bare=false[m
core.logallrefupdates=true[m
core.ignorecase=true[m
core.precomposeunicode=true[m
remote.origin.url=https://github.com/coop711/Summer_Camp.git[m
remote.origin.fetch=+refs/heads/*:refs/remotes/origin/*[m
branch.master.remote=origin[m
branch.master.merge=refs/heads/master[m
[1m~[0m
[1m~[0m
[1m~[0m
[1m~[0m
[1m~[0m
[1m~[0m
[1m~[0m
[1m~[0m
[1m~[0m
[1m~[0m
[1m~[0m
[1m~[0m
[1m~[0m
[1m~[0m
[1m~[0m
[1m~[0m
[1m~[0m
[1m~[0m
[1m~[0m
[1m~[0m
[1m~[0m
[1m~[0m
[1m~[0m
[1m~[0m
[1m~[0m
[1m~[0m
[1m~[0m
[1m~[0m
[KKee-Wonui-iMac-27:R coop2711$ git pull
remote: Enumerating objects: 64, done.[K
remote: Counting objects:   1% (1/64)   [Kremote: Counting objects:   3% (2/64)   [Kremote: Counting objects:   4% (3/64)   [Kremote: Counting objects:   6% (4/64)   [Kremote: Counting objects:   7% (5/64)   [Kremote: Counting objects:   9% (6/64)   [Kremote: Counting objects:  10% (7/64)   [Kremote: Counting objects:  12% (8/64)   [Kremote: Counting objects:  14% (9/64)   [Kremote: Counting objects:  15% (10/64)   [Kremote: Counting objects:  17% (11/64)   [Kremote: Counting objects:  18% (12/64)   [Kremote: Counting objects:  20% (13/64)   [Kremote: Counting objects:  21% (14/64)   [Kremote: Counting objects:  23% (15/64)   [Kremote: Counting objects:  25% (16/64)   [Kremote: Counting objects:  26% (17/64)   [Kremote: Counting objects:  28% (18/64)   [Kremote: Counting objects:  29% (19/64)   [Kremote: Counting objects:  31% (20/64)   [Kremote: Counting objects:  32% (21/64)   [Kremote: Counting objects:  34% (22/64)   [Kremote: Counting objects:  35% (23/64)   [Kremote: Counting objects:  37% (24/64)   [Kremote: Counting objects:  39% (25/64)   [Kremote: Counting objects:  40% (26/64)   [Kremote: Counting objects:  42% (27/64)   [Kremote: Counting objects:  43% (28/64)   [Kremote: Counting objects:  45% (29/64)   [Kremote: Counting objects:  46% (30/64)   [Kremote: Counting objects:  48% (31/64)   [Kremote: Counting objects:  50% (32/64)   [Kremote: Counting objects:  51% (33/64)   [Kremote: Counting objects:  53% (34/64)   [Kremote: Counting objects:  54% (35/64)   [Kremote: Counting objects:  56% (36/64)   [Kremote: Counting objects:  57% (37/64)   [Kremote: Counting objects:  59% (38/64)   [Kremote: Counting objects:  60% (39/64)   [Kremote: Counting objects:  62% (40/64)   [Kremote: Counting objects:  64% (41/64)   [Kremote: Counting objects:  65% (42/64)   [Kremote: Counting objects:  67% (43/64)   [Kremote: Counting objects:  68% (44/64)   [Kremote: Counting objects:  70% (45/64)   [Kremote: Counting objects:  71% (46/64)   [Kremote: Counting objects:  73% (47/64)   [Kremote: Counting objects:  75% (48/64)   [Kremote: Counting objects:  76% (49/64)   [Kremote: Counting objects:  78% (50/64)   [Kremote: Counting objects:  79% (51/64)   [Kremote: Counting objects:  81% (52/64)   [Kremote: Counting objects:  82% (53/64)   [Kremote: Counting objects:  84% (54/64)   [Kremote: Counting objects:  85% (55/64)   [Kremote: Counting objects:  87% (56/64)   [Kremote: Counting objects:  89% (57/64)   [Kremote: Counting objects:  90% (58/64)   [Kremote: Counting objects:  92% (59/64)   [Kremote: Counting objects:  93% (60/64)   [Kremote: Counting objects:  95% (61/64)   [Kremote: Counting objects:  96% (62/64)   [Kremote: Counting objects:  98% (63/64)   [Kremote: Counting objects: 100% (64/64)   [Kremote: Counting objects: 100% (64/64), done.[K
remote: Compressing objects:   4% (1/22)   [Kremote: Compressing objects:   9% (2/22)   [Kremote: Compressing objects:  13% (3/22)   [Kremote: Compressing objects:  18% (4/22)   [Kremote: Compressing objects:  22% (5/22)   [Kremote: Compressing objects:  27% (6/22)   [Kremote: Compressing objects:  31% (7/22)   [Kremote: Compressing objects:  36% (8/22)   [Kremote: Compressing objects:  40% (9/22)   [Kremote: Compressing objects:  45% (10/22)   [Kremote: Compressing objects:  50% (11/22)   [Kremote: Compressing objects:  54% (12/22)   [Kremote: Compressing objects:  59% (13/22)   [Kremote: Compressing objects:  63% (14/22)   [Kremote: Compressing objects:  68% (15/22)   [Kremote: Compressing objects:  72% (16/22)   [Kremote: Compressing objects:  77% (17/22)   [Kremote: Compressing objects:  81% (18/22)   [Kremote: Compressing objects:  86% (19/22)   [Kremote: Compressing objects:  90% (20/22)   [Kremote: Compressing objects:  95% (21/22)   [Kremote: Compressing objects: 100% (22/22)   [Kremote: Compressing objects: 100% (22/22), done.[K
Unpacking objects:   2% (1/44)   Unpacking objects:   4% (2/44)   Unpacking objects:   6% (3/44)   Unpacking objects:   9% (4/44)   Unpacking objects:  11% (5/44)   Unpacking objects:  13% (6/44)   Unpacking objects:  15% (7/44)   Unpacking objects:  18% (8/44)   Unpacking objects:  20% (9/44)   Unpacking objects:  22% (10/44)   Unpacking objects:  25% (11/44)   Unpacking objects:  27% (12/44)   Unpacking objects:  29% (13/44)   Unpacking objects:  31% (14/44)   Unpacking objects:  34% (15/44)   Unpacking objects:  36% (16/44)   Unpacking objects:  38% (17/44)   Unpacking objects:  40% (18/44)   Unpacking objects:  43% (19/44)   Unpacking objects:  45% (20/44)   Unpacking objects:  47% (21/44)   Unpacking objects:  50% (22/44)   Unpacking objects:  52% (23/44)   Unpacking objects:  54% (24/44)   Unpacking objects:  56% (25/44)   Unpacking objects:  59% (26/44)   Unpacking objects:  61% (27/44)   Unpacking objects:  63% (28/44)   Unpacking objects:  65% (29/44)   Unpacking objects:  68% (30/44)   Unpacking objects:  70% (31/44)   Unpacking objects:  72% (32/44)   Unpacking objects:  75% (33/44)   Unpacking objects:  77% (34/44)   Unpacking objects:  79% (35/44)   Unpacking objects:  81% (36/44)   Unpacking objects:  84% (37/44)   Unpacking objects:  86% (38/44)   Unpacking objects:  88% (39/44)   Unpacking objects:  90% (40/44)   Unpacking objects:  93% (41/44)   Unpacking objects:  95% (42/44)   Unpacking objects:  97% (43/44)   remote: Total 44 (delta 21), reused 43 (delta 20), pack-reused 0[K
Unpacking objects: 100% (44/44)   Unpacking objects: 100% (44/44), done.
From https://github.com/coop711/Summer_Camp
   426e6ef..cee3693  master     -> origin/master
Updating 41e9f8a..cee3693
error: Your local changes to the following files would be overwritten by merge:
	R/poll_JTBC_1702_ggplot.html
Please commit your changes or stash them before you merge.
Aborting
]0;~/Google 드라이브/Works/Class/Data_Science/R.WD/Summer_Camp/RKee-Wonui-iMac-27:R coop2711$ [KKee-Wonui-iMac-27:R coop2711$ git pull
Updating 41e9f8a..cee3693
Fast-forward
 .Rproj.user/shared/notebooks/paths |    6 [32m+[m[31m-[m
 R/Graunt_US_Halley1801.Rmd         |   88 [32m++[m[31m--[m
 R/Graunt_US_Halley1801.html        | 1249 [31m-------------------------------------------------[m
 R/Pandora2019.Rmd                  |   15 [32m+[m[31m-[m
 R/Pandora2019.html                 |  310 [31m------------[m
 R/graunt_halley_1801.RData         |  Bin [31m0[m -> [32m162999[m bytes
 R/poll_JTBC_0216.Rmd               |   20 [32m+[m[31m-[m
 R/poll_JTBC_1702.Rmd               |   27 [32m+[m[31m-[m
 R/poll_JTBC_1702.html              |  352 [31m--------------[m
 R/poll_JTBC_1702_ggplot.html       |  353 [31m--------------[m
 R/poll_SBS_170331.Rmd              |   32 [32m+[m[31m-[m
 pics/graunt_plots.png              |  Bin [31m0[m -> [32m12431[m bytes
 pics/graunt_surv.png               |  Bin [31m0[m -> [32m7123[m bytes
 pics/jtbc1702.png                  |  Bin [31m19554[m -> [32m4259[m bytes
 pics/jtbc170216.png                |  Bin [31m23962[m -> [32m4885[m bytes
 pics/pandora.png                   |  Bin [31m32151[m -> [32m6002[m bytes
 pics/poll_2017_JTBC.jpg            |  Bin [31m47235[m -> [32m0[m bytes
 pics/poll_JTBC_1702.png            |  Bin [31m106123[m -> [32m0[m bytes
 pics/poll_JTBC_1702_plots.png      |  Bin [31m572153[m -> [32m0[m bytes
 19 files changed, 102 insertions(+), 2350 deletions(-)
 delete mode 100644 R/Graunt_US_Halley1801.html
 delete mode 100644 R/Pandora2019.html
 create mode 100644 R/graunt_halley_1801.RData
 delete mode 100644 R/poll_JTBC_1702.html
 delete mode 100644 R/poll_JTBC_1702_ggplot.html
 create mode 100644 pics/graunt_plots.png
 create mode 100644 pics/graunt_surv.png
 delete mode 100755 pics/poll_2017_JTBC.jpg
 delete mode 100644 pics/poll_JTBC_1702.png
 delete mode 100644 pics/poll_JTBC_1702_plots.png
]0;~/Google 드라이브/Works/Class/Data_Science/R.WD/Summer_Camp/RKee-Wonui-iMac-27:R coop2711$ Saved working directory and index state WIP on master: 63d8f74 pie ggplot version added
]0;~/Google 드라이브/Works/Class/Data_Science/R.WD/Summer_Camp/RKee-Wonui-iMac-27:R coop2711$ git stash[1Ppull
Updating 63d8f74..fb131ec
Fast-forward
 .Rproj.user/shared/notebooks/paths |   8 [32m++[m[31m------[m
 R/poll_JTBC_1702.Rmd               |   8 [32m+++++[m[31m---[m
 R/poll_JTBC_1702.html              |  24 [32m+++++++++++++[m[31m-----------[m
 pics/poll_JTBC_1702.png            | Bin [31m33959[m -> [32m34006[m bytes
 pics/poll_JTBC_1702_plots.png      | Bin [31m199540[m -> [32m199458[m bytes
 5 files changed, 20 insertions(+), 20 deletions(-)
]0;~/Google 드라이브/Works/Class/Data_Science/R.WD/Summer_Camp/RKee-Wonui-iMac-27:R coop2711$ git status
On branch master
Your branch is up to date with 'origin/master'.

Changes not staged for commit:
  (use "git add <file>..." to update what will be committed)
  (use "git checkout -- <file>..." to discard changes in working directory)

	[31mmodified:   ../.Rproj.user/6DF1EF29/console06/9096BD87[m
	[31mmodified:   ../.Rproj.user/6DF1EF29/console06/9096BD87.env[m
	[31mmodified:   ../.Rproj.user/6DF1EF29/sources/prop/INDEX[m
	[31mmodified:   ../.Rproj.user/shared/notebooks/paths[m
	[31mmodified:   JTBC_20150303_ggplot.Rmd[m
	[31mmodified:   Pandora2019_ggplot.Rmd[m
	[31mmodified:   Pandora2019_ggplot.html[m
	[31mmodified:   ../pics/jtbc1702.png[m
	[31mmodified:   ../pics/pandora.png[m
	[31mmodified:   ../pics/poll_JTBC_1702.png[m
	[31mmodified:   ../pics/poll_JTBC_1702_plots.png[m

Untracked files:
  (use "git add <file>..." to include in what will be committed)

	[31mJTBC_20150303_ggplot.html[m
	[31m../pics/pandora_ggplot.png[m

no changes added to commit (use "git add" and/or "git commit -a")
]0;~/Google 드라이브/Works/Class/Data_Science/R.WD/Summer_Camp/RKee-Wonui-iMac-27:R coop2711$ git add -A .
]0;~/Google 드라이브/Works/Class/Data_Science/R.WD/Summer_Camp/RKee-Wonui-iMac-27:R coop2711$ git commit -m "jtbc ggplot modified"
[master f8707b0] jtbc ggplot modified
 4 files changed, 392 insertions(+), 18 deletions(-)
 create mode 100644 R/JTBC_20150303_ggplot.html
]0;~/Google 드라이브/Works/Class/Data_Science/R.WD/Summer_Camp/RKee-Wonui-iMac-27:R coop2711$ git push -u origin master
remote: Permission to coop711/Summer_Camp.git denied to kwlee58.
fatal: unable to access 'https://github.com/coop711/Summer_Camp.git/': The requested URL returned error: 403
]0;~/Google 드라이브/Works/Class/Data_Science/R.WD/Summer_Camp/RKee-Wonui-iMac-27:R coop2711$ git push -u origin mastercommit -m "jtbc ggplot modified"add -A .[K[2Pstatus[2Ppullstash[1Ppull[5Ppwdgit push https://coop711@github.com/coop711/Summer_Camp.git  masster
Counting objects: 7, done.
Delta compression using up to 4 threads.
Compressing objects:  14% (1/7)   Compressing objects:  28% (2/7)   Compressing objects:  42% (3/7)   Compressing objects:  57% (4/7)   Compressing objects:  71% (5/7)   Compressing objects:  85% (6/7)   Compressing objects: 100% (7/7)   Compressing objects: 100% (7/7), done.
Writing objects:  14% (1/7)   Writing objects:  28% (2/7)   Writing objects:  42% (3/7)   Writing objects:  57% (4/7)   Writing objects:  71% (5/7)   Writing objects:  85% (6/7)   Writing objects: 100% (7/7)   Writing objects: 100% (7/7), 571.95 KiB | 6.97 MiB/s, done.
Total 7 (delta 6), reused 0 (delta 0)
remote: Resolving deltas:   0% (0/6)   [Kremote: Resolving deltas:  16% (1/6)   [Kremote: Resolving deltas:  33% (2/6)   [Kremote: Resolving deltas:  50% (3/6)   [Kremote: Resolving deltas:  83% (5/6)   [Kremote: Resolving deltas: 100% (6/6)   [Kremote: Resolving deltas: 100% (6/6), completed with 5 local objects.[K
To https://github.com/coop711/Summer_Camp.git
   fb131ec..f8707b0  master -> master
]0;~/Google 드라이브/Works/Class/Data_Science/R.WD/Summer_Camp/RKee-Wonui-iMac-27:R coop2711$ git pull
From https://github.com/coop711/Summer_Camp
   fb131ec..f8707b0  master     -> origin/master
Already up to date.
]0;~/Google 드라이브/Works/Class/Data_Science/R.WD/Summer_Camp/RKee-Wonui-iMac-27:R coop2711$ git status
On branch master
Your branch is up to date with 'origin/master'.

Changes not staged for commit:
  (use "git add <file>..." to update what will be committed)
  (use "git checkout -- <file>..." to discard changes in working directory)

	[31mmodified:   ../.Rproj.user/6DF1EF29/console06/9096BD87[m
	[31mmodified:   ../.Rproj.user/6DF1EF29/console06/9096BD87.env[m
	[31mmodified:   ../.Rproj.user/6DF1EF29/sources/prop/INDEX[m
	[31mmodified:   ../.Rproj.user/shared/notebooks/paths[m
	[31mmodified:   Graunt_US_Halley1801.Rmd[m
	[31mmodified:   Graunt_US_Halley1801.html[m
	[31mmodified:   poll_JTBC_1702_ggplot.Rmd[m
	[31mmodified:   poll_JTBC_1702_ggplot.html[m
	[31mmodified:   ../pics/jtbc1702.png[m
	[31mmodified:   ../pics/pandora.png[m
	[31mmodified:   ../pics/poll_JTBC_1702.png[m
	[31mmodified:   ../pics/poll_JTBC_1702_plots.png[m

Untracked files:
  (use "git add <file>..." to include in what will be committed)

	[31m../pics/pandora_ggplot.png[m

no changes added to commit (use "git add" and/or "git commit -a")
]0;~/Google 드라이브/Works/Class/Data_Science/R.WD/Summer_Camp/RKee-Wonui-iMac-27:R coop2711$ git add -A .
]0;~/Google 드라이브/Works/Class/Data_Science/R.WD/Summer_Camp/RKee-Wonui-iMac-27:R coop2711$ git commit -m "ggplot modified"
[master 1ef433b] ggplot modified
 4 files changed, 147 insertions(+), 60 deletions(-)
]0;~/Google 드라이브/Works/Class/Data_Science/R.WD/Summer_Camp/RKee-Wonui-iMac-27:R coop2711$ gi[K[Kgit commit -m "ggplot modified"add -A .[K[2Pstatus[2Ppullsh https://coop711@github.com/coop711/Summer_Camp.git  masster
Counting objects: 7, done.
Delta compression using up to 4 threads.
Compressing objects:  14% (1/7)   Compressing objects:  28% (2/7)   Compressing objects:  42% (3/7)   Compressing objects:  57% (4/7)   Compressing objects:  71% (5/7)   Compressing objects:  85% (6/7)   Compressing objects: 100% (7/7)   Compressing objects: 100% (7/7), done.
Writing objects:  14% (1/7)   Writing objects:  28% (2/7)   Writing objects:  42% (3/7)   Writing objects:  57% (4/7)   Writing objects:  57% (4/7), 1.07 MiB | 900.00 KiB/s   Writing objects:  71% (5/7), 1.07 MiB | 900.00 KiB/s   Writing objects:  85% (6/7), 1.07 MiB | 900.00 KiB/s   Writing objects: 100% (7/7), 1.07 MiB | 900.00 KiB/s   Writing objects: 100% (7/7), 2.43 MiB | 1.43 MiB/s, done.
Total 7 (delta 6), reused 0 (delta 0)
remote: Resolving deltas:   0% (0/6)   [Kremote: Resolving deltas:  16% (1/6)   [Kremote: Resolving deltas:  33% (2/6)   [Kremote: Resolving deltas:  50% (3/6)   [Kremote: Resolving deltas:  66% (4/6)   [Kremote: Resolving deltas:  83% (5/6)   [Kremote: Resolving deltas: 100% (6/6)   [Kremote: Resolving deltas: 100% (6/6), completed with 6 local objects.[K
To https://github.com/coop711/Summer_Camp.git
   f8707b0..1ef433b  master -> master
git s[Kpull
remote: Enumerating objects: 44, done.[K
remote: Counting objects:   2% (1/44)   [Kremote: Counting objects:   4% (2/44)   [Kremote: Counting objects:   6% (3/44)   [Kremote: Counting objects:   9% (4/44)   [Kremote: Counting objects:  11% (5/44)   [Kremote: Counting objects:  13% (6/44)   [Kremote: Counting objects:  15% (7/44)   [Kremote: Counting objects:  18% (8/44)   [Kremote: Counting objects:  20% (9/44)   [Kremote: Counting objects:  22% (10/44)   [Kremote: Counting objects:  25% (11/44)   [Kremote: Counting objects:  27% (12/44)   [Kremote: Counting objects:  29% (13/44)   [Kremote: Counting objects:  31% (14/44)   [Kremote: Counting objects:  34% (15/44)   [Kremote: Counting objects:  36% (16/44)   [Kremote: Counting objects:  38% (17/44)   [Kremote: Counting objects:  40% (18/44)   [Kremote: Counting objects:  43% (19/44)   [Kremote: Counting objects:  45% (20/44)   [Kremote: Counting objects:  47% (21/44)   [Kremote: Counting objects:  50% (22/44)   [Kremote: Counting objects:  52% (23/44)   [Kremote: Counting objects:  54% (24/44)   [Kremote: Counting objects:  56% (25/44)   [Kremote: Counting objects:  59% (26/44)   [Kremote: Counting objects:  61% (27/44)   [Kremote: Counting objects:  63% (28/44)   [Kremote: Counting objects:  65% (29/44)   [Kremote: Counting objects:  68% (30/44)   [Kremote: Counting objects:  70% (31/44)   [Kremote: Counting objects:  72% (32/44)   [Kremote: Counting objects:  75% (33/44)   [Kremote: Counting objects:  77% (34/44)   [Kremote: Counting objects:  79% (35/44)   [Kremote: Counting objects:  81% (36/44)   [Kremote: Counting objects:  84% (37/44)   [Kremote: Counting objects:  86% (38/44)   [Kremote: Counting objects:  88% (39/44)   [Kremote: Counting objects:  90% (40/44)   [Kremote: Counting objects:  93% (41/44)   [Kremote: Counting objects:  95% (42/44)   [Kremote: Counting objects:  97% (43/44)   [Kremote: Counting objects: 100% (44/44)   [Kremote: Counting objects: 100% (44/44), done.[K
remote: Compressing objects:   8% (1/12)   [Kremote: Compressing objects:  16% (2/12)   [Kremote: Compressing objects:  25% (3/12)   [Kremote: Compressing objects:  33% (4/12)   [Kremote: Compressing objects:  41% (5/12)   [Kremote: Compressing objects:  50% (6/12)   [Kremote: Compressing objects:  58% (7/12)   [Kremote: Compressing objects:  66% (8/12)   [Kremote: Compressing objects:  75% (9/12)   [Kremote: Compressing objects:  83% (10/12)   [Kremote: Compressing objects:  91% (11/12)   [Kremote: Compressing objects: 100% (12/12)   [Kremote: Compressing objects: 100% (12/12), done.[K
Unpacking objects:   4% (1/23)   Unpacking objects:   8% (2/23)   Unpacking objects:  13% (3/23)   Unpacking objects:  17% (4/23)   Unpacking objects:  21% (5/23)   Unpacking objects:  26% (6/23)   Unpacking objects:  30% (7/23)   Unpacking objects:  34% (8/23)   Unpacking objects:  39% (9/23)   Unpacking objects:  43% (10/23)   Unpacking objects:  47% (11/23)   Unpacking objects:  52% (12/23)   Unpacking objects:  56% (13/23)   Unpacking objects:  60% (14/23)   Unpacking objects:  65% (15/23)   Unpacking objects:  69% (16/23)   Unpacking objects:  73% (17/23)   Unpacking objects:  78% (18/23)   Unpacking objects:  82% (19/23)   Unpacking objects:  86% (20/23)   Unpacking objects:  91% (21/23)   Unpacking objects:  95% (22/23)   remote: Total 23 (delta 10), reused 23 (delta 10), pack-reused 0[K
Unpacking objects: 100% (23/23)   Unpacking objects: 100% (23/23), done.
From https://github.com/coop711/Summer_Camp
   f8707b0..60f1c85  master     -> origin/master
Updating 1ef433b..60f1c85
error: Your local changes to the following files would be overwritten by merge:
	.Rproj.user/shared/notebooks/paths
	pics/jtbc1702.png
	pics/pandora.png
	pics/poll_JTBC_1702.png
	pics/poll_JTBC_1702_plots.png
Please commit your changes or stash them before you merge.
error: The following untracked working tree files would be overwritten by merge:
	pics/pandora_ggplot.png
Please move or remove them before you merge.
Aborting
]0;~/Google 드라이브/Works/Class/Data_Science/R.WD/Summer_Camp/RKee-Wonui-iMac-27:R coop2711$ git checkout pics/*.png
error: pathspec 'pics/*.png' did not match any file(s) known to git.
]0;~/Google 드라이브/Works/Class/Data_Science/R.WD/Summer_Camp/RKee-Wonui-iMac-27:R coop2711$ git checkout pics/*.png[K[K[K[K[Kjtbc170[K[K[K[K[K[K[K[K[K[K[K[K[K[K[K[K[K[K[K[K[K[K[K[K[Kpwd
/Users/coop2711/Google 드라이브/Works/Class/Data_Science/R.WD/Summer_Camp/R
]0;~/Google 드라이브/Works/Class/Data_Science/R.WD/Summer_Camp/RKee-Wonui-iMac-27:R coop2711$ pwdgit checkout pics/*.png.pics/*.png.pics/*.png/pics/*.png[C[C[C[C
error: pathspec '../pics/pandora_ggplot.png' did not match any file(s) known to git.
]0;~/Google 드라이브/Works/Class/Data_Science/R.WD/Summer_Camp/RKee-Wonui-iMac-27:R coop2711$ git checkout ../pics/*.png[K[K[K[K[K
 poll_0314_source.png          pandora.png
 poll_JTBC_YRKim_law.png       pandora1903.jpg
JTBC_20150303.png              pandora_ggplot.png
JTBC_20150303v2.png            poll_201702_JTBC.jpg
SBS_170331.jpg                 poll_201702_YTN.jpg
graunt_ggplots.png             poll_20170314_JTBC.jpg
graunt_plots.png               poll_20170315_ChannelA.jpg
graunt_surv.png                poll_20170315_real_meter.jpg
graunt_table.png               poll_20170315_real_meter2.jpg
jtbc150303.png                 poll_2017_JTBC.jpg
jtbc1702.png                   poll_JTBC_1702.png
jtbc170216.png                 poll_JTBC_1702_plots.png
jtbc170314.png                 
Kee-Wonui-iMac-27:R coop2711$ git checkout ../pics/jtbc1702.png 
]0;~/Google 드라이브/Works/Class/Data_Science/R.WD/Summer_Camp/RKee-Wonui-iMac-27:R coop2711$ git checkout ../pics/jtbc1702.png [K[K[K[K[K[K[K[K[K[K[K[K[Kpandora.png 
]0;~/Google 드라이브/Works/Class/Data_Science/R.WD/Summer_Camp/RKee-Wonui-iMac-27:R coop2711$ git checkout ../pics/pandora.png [1P[1P[1P[1P[1P[1P[1P[1P[1P[1@o[1@l[1@l[1@_[1@J[1@T[1@B[1@C[5@_1702[1@.[1@p[2@ng
error: pathspec '../pics/poll_JTBC_1702.pngg' did not match any file(s) known to git.
]0;~/Google 드라이브/Works/Class/Data_Science/R.WD/Summer_Camp/RKee-Wonui-iMac-27:R coop2711$ git checkout ../pics/poll_JTBC_1702.pngg [8Pandora.pn[C[C[8@oll_JTBC_1702.png[C[C[K[K
]0;~/Google 드라이브/Works/Class/Data_Science/R.WD/Summer_Camp/RKee-Wonui-iMac-27:R coop2711$ git checkout ../pics/poll_JTBC_1702.png[K[K[K[K_plots.png 
]0;~/Google 드라이브/Works/Class/Data_Science/R.WD/Summer_Camp/RKee-Wonui-iMac-27:R coop2711$ git checkout ../pics/poll_JTBC_1702_plots.png [K[K[K[K[K[K[K[K[K[K[K[K[K[K[K[K[K[K[K[K[K[K[K[K[K[K[K[K[K[K.Rproj.user/shared/notebooks/patt[Khs 
]0;~/Google 드라이브/Works/Class/Data_Science/R.WD/Summer_Camp/RKee-Wonui-iMac-27:R coop2711$ git checkout ../.Rproj.user/shared/notebooks/paths [5Ppics/poll_JTBC_1702_plots.png[C[K[K[K[K[K[K[K[K[K[K[K[K[K[K[K[K[K[K[K[K[K[K[K[Kandora_ggplot.png 
error: pathspec '../pics/pandora_ggplot.png' did not match any file(s) known to git.
]0;~/Google 드라이브/Works/Class/Data_Science/R.WD/Summer_Camp/RKee-Wonui-iMac-27:R coop2711$ git co[K[Kstatus
On branch master
Your branch is behind 'origin/master' by 1 commit, and can be fast-forwarded.
  (use "git pull" to update your local branch)

Changes not staged for commit:
  (use "git add <file>..." to update what will be committed)
  (use "git checkout -- <file>..." to discard changes in working directory)

	[31mmodified:   ../.Rproj.user/6DF1EF29/console06/9096BD87[m
	[31mmodified:   ../.Rproj.user/6DF1EF29/console06/9096BD87.env[m
	[31mmodified:   ../.Rproj.user/6DF1EF29/console06/INDEX001[m
	[31mmodified:   ../.Rproj.user/6DF1EF29/sources/prop/71CB592E[m
	[31mmodified:   ../.Rproj.user/6DF1EF29/sources/prop/INDEX[m

Untracked files:
  (use "git add <file>..." to include in what will be committed)

	[31m../pics/pandora_ggplot.png[m

no changes added to commit (use "git add" and/or "git commit -a")
]0;~/Google 드라이브/Works/Class/Data_Science/R.WD/Summer_Camp/RKee-Wonui-iMac-27:R coop2711$ git add -A .
]0;~/Google 드라이브/Works/Class/Data_Science/R.WD/Summer_Camp/RKee-Wonui-iMac-27:R coop2711$ git commit -m "modified"
On branch master
Your branch is behind 'origin/master' by 1 commit, and can be fast-forwarded.
  (use "git pull" to update your local branch)

Changes not staged for commit:
	[31mmodified:   ../.Rproj.user/6DF1EF29/console06/9096BD87[m
	[31mmodified:   ../.Rproj.user/6DF1EF29/console06/9096BD87.env[m
	[31mmodified:   ../.Rproj.user/6DF1EF29/console06/INDEX001[m
	[31mmodified:   ../.Rproj.user/6DF1EF29/sources/prop/71CB592E[m
	[31mmodified:   ../.Rproj.user/6DF1EF29/sources/prop/INDEX[m

Untracked files:
	[31m../pics/pandora_ggplot.png[m

no changes added to commit
]0;~/Google 드라이브/Works/Class/Data_Science/R.WD/Summer_Camp/RKee-Wonui-iMac-27:R coop2711$ git pull
Updating 1ef433b..60f1c85
error: The following untracked working tree files would be overwritten by merge:
	pics/pandora_ggplot.png
Please move or remove them before you merge.
Aborting
]0;~/Google 드라이브/Works/Class/Data_Science/R.WD/Summer_Camp/RKee-Wonui-iMac-27:R coop2711$ rm ../pics/pandora_ggplot.png 
]0;~/Google 드라이브/Works/Class/Data_Science/R.WD/Summer_Camp/RKee-Wonui-iMac-27:R coop2711$ rm ../pics/pandora_ggplot.png git pull[K
Updating 1ef433b..60f1c85
Fast-forward
 .Rproj.user/shared/notebooks/paths |   8 [32m+[m[31m-[m
 R/Graunt_US_Halley1801.Rmd         |   7 [32m+[m[31m-[m
 R/Graunt_US_Halley1801.html        | 360 [32m++++++++++++++++++++++++++++++++++++++[m[31m------------[m
 R/JTBC_20150303_ggplot.Rmd         |  51 [32m++++[m[31m---[m
 R/JTBC_20150303_ggplot.html        | 290 [32m++++++++++++++++++++++++++++++++++[m[31m------[m
 R/Pandora2019_ggplot.Rmd           |  11 [32m+[m[31m-[m
 R/Pandora2019_ggplot.html          | 253 [32m++++++++++++++++++++++++++++++[m[31m-----[m
 R/poll_JTBC_1702_ggplot.Rmd        |  22 [32m+[m[31m--[m
 R/poll_JTBC_1702_ggplot.html       | 285 [32m++++++++++++++++++++++++++++++++[m[31m-------[m
 pics/graunt_ggplots.png            | Bin [31m534874[m -> [32m140122[m bytes
 pics/jtbc150303.png                | Bin [31m32409[m -> [32m5074[m bytes
 pics/jtbc1702.png                  | Bin [31m4262[m -> [32m4061[m bytes
 pics/pandora.png                   | Bin [31m6002[m -> [32m6576[m bytes
 pics/pandora_ggplot.png            | Bin [31m0[m -> [32m41876[m bytes
 pics/poll_JTBC_1702.png            | Bin [31m34006[m -> [32m33299[m bytes
 pics/poll_JTBC_1702_plots.png      | Bin [31m199458[m -> [32m186891[m bytes
 16 files changed, 1047 insertions(+), 240 deletions(-)
 create mode 100644 pics/pandora_ggplot.png
[KKee-Wonui-New-MacBook:R coop2711$ git pull
remote: Enumerating objects: 60, done.[K
remote: Counting objects:   1% (1/60)   [Kremote: Counting objects:   3% (2/60)   [Kremote: Counting objects:   5% (3/60)   [Kremote: Counting objects:   6% (4/60)   [Kremote: Counting objects:   8% (5/60)   [Kremote: Counting objects:  10% (6/60)   [Kremote: Counting objects:  11% (7/60)   [Kremote: Counting objects:  13% (8/60)   [Kremote: Counting objects:  15% (9/60)   [Kremote: Counting objects:  16% (10/60)   [Kremote: Counting objects:  18% (11/60)   [Kremote: Counting objects:  20% (12/60)   [Kremote: Counting objects:  21% (13/60)   [Kremote: Counting objects:  23% (14/60)   [Kremote: Counting objects:  25% (15/60)   [Kremote: Counting objects:  26% (16/60)   [Kremote: Counting objects:  28% (17/60)   [Kremote: Counting objects:  30% (18/60)   [Kremote: Counting objects:  31% (19/60)   [Kremote: Counting objects:  33% (20/60)   [Kremote: Counting objects:  35% (21/60)   [Kremote: Counting objects:  36% (22/60)   [Kremote: Counting objects:  38% (23/60)   [Kremote: Counting objects:  40% (24/60)   [Kremote: Counting objects:  41% (25/60)   [Kremote: Counting objects:  43% (26/60)   [Kremote: Counting objects:  45% (27/60)   [Kremote: Counting objects:  46% (28/60)   [Kremote: Counting objects:  48% (29/60)   [Kremote: Counting objects:  50% (30/60)   [Kremote: Counting objects:  51% (31/60)   [Kremote: Counting objects:  53% (32/60)   [Kremote: Counting objects:  55% (33/60)   [Kremote: Counting objects:  56% (34/60)   [Kremote: Counting objects:  58% (35/60)   [Kremote: Counting objects:  60% (36/60)   [Kremote: Counting objects:  61% (37/60)   [Kremote: Counting objects:  63% (38/60)   [Kremote: Counting objects:  65% (39/60)   [Kremote: Counting objects:  66% (40/60)   [Kremote: Counting objects:  68% (41/60)   [Kremote: Counting objects:  70% (42/60)   [Kremote: Counting objects:  71% (43/60)   [Kremote: Counting objects:  73% (44/60)   [Kremote: Counting objects:  75% (45/60)   [Kremote: Counting objects:  76% (46/60)   [Kremote: Counting objects:  78% (47/60)   [Kremote: Counting objects:  80% (48/60)   [Kremote: Counting objects:  81% (49/60)   [Kremote: Counting objects:  83% (50/60)   [Kremote: Counting objects:  85% (51/60)   [Kremote: Counting objects:  86% (52/60)   [Kremote: Counting objects:  88% (53/60)   [Kremote: Counting objects:  90% (54/60)   [Kremote: Counting objects:  91% (55/60)   [Kremote: Counting objects:  93% (56/60)   [Kremote: Counting objects:  95% (57/60)   [Kremote: Counting objects:  96% (58/60)   [Kremote: Counting objects:  98% (59/60)   [Kremote: Counting objects: 100% (60/60)   [Kremote: Counting objects: 100% (60/60), done.[K
remote: Compressing objects:   3% (1/26)   [Kremote: Compressing objects:   7% (2/26)   [Kremote: Compressing objects:  11% (3/26)   [Kremote: Compressing objects:  15% (4/26)   [Kremote: Compressing objects:  19% (5/26)   [Kremote: Compressing objects:  23% (6/26)   [Kremote: Compressing objects:  26% (7/26)   [Kremote: Compressing objects:  30% (8/26)   [Kremote: Compressing objects:  34% (9/26)   [Kremote: Compressing objects:  38% (10/26)   [Kremote: Compressing objects:  42% (11/26)   [Kremote: Compressing objects:  46% (12/26)   [Kremote: Compressing objects:  50% (13/26)   [Kremote: Compressing objects:  53% (14/26)   [Kremote: Compressing objects:  57% (15/26)   [Kremote: Compressing objects:  61% (16/26)   [Kremote: Compressing objects:  65% (17/26)   [Kremote: Compressing objects:  69% (18/26)   [Kremote: Compressing objects:  73% (19/26)   [Kremote: Compressing objects:  76% (20/26)   [Kremote: Compressing objects:  80% (21/26)   [Kremote: Compressing objects:  84% (22/26)   [Kremote: Compressing objects:  88% (23/26)   [Kremote: Compressing objects:  92% (24/26)   [Kremote: Compressing objects:  96% (25/26)   [Kremote: Compressing objects: 100% (26/26)   [Kremote: Compressing objects: 100% (26/26), done.[K
Unpacking objects:   2% (1/39)   Unpacking objects:   5% (2/39)   Unpacking objects:   7% (3/39)   Unpacking objects:  10% (4/39)   Unpacking objects:  12% (5/39)   Unpacking objects:  15% (6/39)   Unpacking objects:  17% (7/39)   Unpacking objects:  20% (8/39)   Unpacking objects:  23% (9/39)   Unpacking objects:  25% (10/39)   Unpacking objects:  28% (11/39)   Unpacking objects:  30% (12/39)   Unpacking objects:  33% (13/39)   Unpacking objects:  35% (14/39)   Unpacking objects:  38% (15/39)   Unpacking objects:  41% (16/39)   Unpacking objects:  43% (17/39)   Unpacking objects:  46% (18/39)   Unpacking objects:  48% (19/39)   Unpacking objects:  51% (20/39)   Unpacking objects:  53% (21/39)   Unpacking objects:  56% (22/39)   remote: Total 39 (delta 15), reused 36 (delta 12), pack-reused 0[K
Unpacking objects:  58% (23/39)   Unpacking objects:  61% (24/39)   Unpacking objects:  64% (25/39)   Unpacking objects:  66% (26/39)   Unpacking objects:  69% (27/39)   Unpacking objects:  71% (28/39)   Unpacking objects:  74% (29/39)   Unpacking objects:  76% (30/39)   Unpacking objects:  79% (31/39)   Unpacking objects:  82% (32/39)   Unpacking objects:  84% (33/39)   Unpacking objects:  87% (34/39)   Unpacking objects:  89% (35/39)   Unpacking objects:  92% (36/39)   Unpacking objects:  94% (37/39)   Unpacking objects:  97% (38/39)   Unpacking objects: 100% (39/39)   Unpacking objects: 100% (39/39), done.
From https://github.com/coop711/Summer_Camp
   60f1c85..28ee5d6  master     -> origin/master
Updating 6eacb5e..28ee5d6
error: Your local changes to the following files would be overwritten by merge:
	R/sejong_ggplot.RData
Please commit your changes or stash them before you merge.
Aborting
]0;~/Google 드라이브/Works/Class/Data_Science/R.WD/Summer_Camp/RKee-Wonui-New-MacBook:R coop2711$ git checkout R/sejong_ggplot.RDat a
error: pathspec 'R/sejong_ggplot.RData' did not match any file(s) known to git
]0;~/Google 드라이브/Works/Class/Data_Science/R.WD/Summer_Camp/RKee-Wonui-New-MacBook:R coop2711$ git checkout R/sejong_ggplot.RDataa[A[C[C[C[C[C[C[C[C[C[C[C[C[C[C[C[C[C[C[C[C[C[C[C[C[C[C[C[C[C[C[C[C[C[C[C[C[Cpull[K
[K[A[C[C[C[C[C[C[C[C[C[C[C[C[C[C[C[C[C[C[C[C[C[C[C[C[C[C[C[C[C[C[C[C[C[C[C[C[C[C[C[C[C[Ccheckout R/sejong_ggplot.RDataa[A[C[C[C[C[C[C[C[C[C[C[C[C[C[C[C[C[C[C[C[C[C[C[C[C[C[C[C[C[C[C[C[C[C[C[C[C[C[C[C[C[C[C[C[C[C[C[C[C[C[C[C[C[C[C[C[C[C[C[C[C[C[C[C[C[C[C/sejong_ggplot.RData [K[A[C[C[C[C[C[C[C[C[C[C[C[C[C[C[C[C[C[C[C[C[C[C[C[C[C[C[C[C[C[C[C[C[C[C[C[C[C[C[C[C[C[C[C[C[C[C[C./sejong_ggplot.RDataa[A[C[C[C[C[C[C[C[C[C[C[C[C[C[C[C[C[C[C[C[C[C[C[C[C[C[C[C[C[C[C[C[C[C[C[C[C[C[C[C[C[C[C[C[C[C[C[C

]0;~/Google 드라이브/Works/Class/Data_Science/R.WD/Summer_Camp/RKee-Wonui-New-MacBook:R coop2711$ git checkout ./sejong_ggplot.RDataa[A[C[C[C[C[C[C[C[C[C[C[C[C[C[C[C[C[C[C[C[C[C[C[C[C[C[C[C[C[C[C[C[C[C[C[C[C[C[C[C[C[C[C[C[C[C[CR/sejong_ggplot.RData[A[C[C[C[C[C[C[C[C[C[C[C[C[C[C[C[C[C[C[C[C[C[C[C[C[C[C[C[C[C[C[C[C[C[C[C[C[Cpull[K
[K[A[C[C[C[C[C[C[C[C[C[C[C[C[C[C[C[C[C[C[C[C[C[C[C[C[C[C[C[C[C[C[C[C[C[C[C[C[C[C[C[C[C[C
Updating 6eacb5e..28ee5d6
Fast-forward
 .Rproj.user/shared/notebooks/paths         |   21 [32m+[m[31m-[m
 R/Chosun_Field.Rmd                         |  210 [32m++[m
 R/Chosun_Field.html                        |  397 [32m++++[m
 R/Chosun_Population_Households.Rmd         |  105 [32m+[m
 R/Chosun_Population_Households.html        |  328 [32m+++[m
 R/Chosun_tax_1769.Rmd                      |  131 [32m++[m
 R/Chosun_tax_1769.html                     |  371 [32m+++[m
 R/Sejong_poll_Base.html                    |  335 [32m++[m[31m-[m
 R/Sejong_poll_Base_pipe.html               | 1483 [32m++++++++++++[m
 R/Sejong_poll_data.html                    |   82 [32m+[m[31m-[m
 R/Sejong_poll_data_kr_pipe.html            |   80 [32m+[m[31m-[m
 R/Sejong_poll_data_pipe.html               |   82 [32m+[m[31m-[m
 R/Sejong_poll_ggplot.html                  | 1761 [32m++++++++++++++[m[31m-[m
 R/sejong_ggplot.RData                      |  Bin [31m400971[m -> [32m400992[m bytes
 R/sejong_plot.RData                        |  Bin [31m1725[m -> [32m1696[m bytes
 R/sejong_poll_data.RData                   |  Bin [31m1546[m -> [32m1546[m bytes
 R/sejong_poll_data_kr_v2.RData             |  Bin [31m1653[m -> [32m1564[m bytes
 R/sejong_poll_data_v2.RData                |  Bin [31m1239[m -> [32m1239[m bytes
 R/theme_kr.R                               |   32 [32m+[m
 ...sejong_bureaus_barplot_stack_ggplot.png |  Bin [31m23237[m -> [32m6161[m bytes
 pics/sejong_bureaus_commons_pie_ggplot.png |  Bin [31m18716[m -> [32m3466[m bytes
 pics/sejong_bureaus_mosaic_ggplot.png      |  Bin [31m26711[m -> [32m6830[m bytes
 ...ong_chungcheong_barplot_fill_ggplot.png |  Bin [31m15414[m -> [32m4020[m bytes
 pics/sejong_chungcheong_mosaic_ggplot.png  |  Bin [31m18631[m -> [32m4583[m bytes
 ...sejong_commons_barplot_stack_ggplot.png |  Bin [31m31388[m -> [32m7578[m bytes
 pics/sejong_commons_mosaic_ggplot.png      |  Bin [31m34087[m -> [32m9038[m bytes
 pics/sejong_seoul_barplot_stack_ggplot.png |  Bin [31m15115[m -> [32m3994[m bytes
 pics/sejong_seoul_mosaic_ggplot.png        |  Bin [31m16011[m -> [32m4077[m bytes
 pics/sejong_total_pie_ggplot.png           |  Bin [31m12223[m -> [32m2263[m bytes
 29 files changed, 4947 insertions(+), 471 deletions(-)
 create mode 100755 R/Chosun_Field.Rmd
 create mode 100644 R/Chosun_Field.html
 create mode 100755 R/Chosun_Population_Households.Rmd
 create mode 100644 R/Chosun_Population_Households.html
 create mode 100755 R/Chosun_tax_1769.Rmd
 create mode 100644 R/Chosun_tax_1769.html
 create mode 100644 R/Sejong_poll_Base_pipe.html
 create mode 100755 R/theme_kr.R
]0;~/Google 드라이브/Works/Class/Data_Science/R.WD/Summer_Camp/RKee-Wonui-New-MacBook:R coop2711$ fing [K[K[K[K[Kgit pullcheckout ./sejong_ggplot.RDataa[A[C[C[C[C[C[C[C[C[C[C[C[C[C[C[C[C[C[C[C[C[C[C[C[C[C[C[C[C[C[C[C[C[C[C[C[C[C[C[C[C[C[C[C[C[C[CR/sejong_ggplot.RData[A[C[C[C[C[C[C[C[C[C[C[C[C[C[C[C[C[C[C[C[C[C[C[C[C[C[C[C[C[C[C[C[C[C[C[C[C[Cpull[K
[K[A[C[C[C[C[C[C[C[C[C[C[C[C[C[C[C[C[C[C[C[C[C[C[C[C[C[C[C[C[C[C[C[C[C[C[C[C[C[C[C[C[C[Csh https://kwlee58@github.coom/kwlee58/Stat_Intro.git master[A[C[C[C[C[C[Ccommit -m "final data gathered"[K[A[C[C[C[C[C[C[C[C[C[C[C[C[C[C[C[C[C[C[C[C[C[C[C[C[C[C[C[C[C[C[C[C[C[C[C[Cadd -A .[K
[K[A[C[C[C[C[C[C[C[C[C[C[C[C[C[C[C[C[C[C[C[C[C[C[C[C[C[C[C[C[C[C[C[C[C[C[C[C[C[C[C[C[C[C[C[C[C[C[2Pstatuspush https://kwlee58@github.coom/kwlee58/Stat_Intro.git master[A[C[C[C[C[C[C[C[C[C[C[C[8P-u origin master
[K[A[C[C[C[C[C[C[C[C[C[C[C[C[C[C[C[C[C[C[C[C[C[C[C[C[C[C[C[C[C[C[C[C[C[C[C[C[C[C[C[C[C[C[C[C[C[C[C[C[C[C[C[C[C[C[C[C[C[C[Ccommit -m "final data gatheredd"[A[C[C[C[C[C[C[C[C[C[C[C[C[C[C[C[C[C[C[C[C[C[C[C[C[C[C[C[C[C[C[C[C[C[C[C[Cadd -A .[K
[K[A[C[C[C[C[C[C[C[C[C[C[C[C[C[C[C[C[C[C[C[C[C[C[C[C[C[C[C[C[C[C[C[C[C[C[C[C[C[C[C[C[C[C[C[C[C[Cfind . -name "Icon?" -print0 | xarrgs -0 rm -rf[A[C[C[C[C[C[C[C[C[C[C[C[C[C[C[C[C[C[C[C[C[Cgit commit -m "final data gathered"[K[A[C[C[C[C[C[C[C[C[C[C[C[C[C[C[C[C[C[C[C[C[C[C[C[C[C[C[C[C[C[C[C[C[C[C[C[Cadd -A .[K
[K[A[C[C[C[C[C[C[C[C[C[C[C[C[C[C[C[C[C[C[C[C[C[C[C[C[C[C[C[C[C[C[C[C[C[C[C[C[C[C[C[C[C[C[C[C[C[Ccommit -m "final data gatheredd"[A[C[C[C[C[C[C[C[C[C[C[C[C[C[C[C[C[C[C[C[C[C[C[C[C[C[C[C[C[C[C[C[Cfind . -name "Icon?" -print0 | xargs -0 rm -rf
]0;~/Google 드라이브/Works/Class/Data_Science/R.WD/Summer_Camp/RKee-Wonui-New-MacBook:R coop2711$ find . -name "Icon?" -print0 | xarrgs -0 rm -rf[A[C[C[C[C[C[C[C[C[C[C[C[C[C[C[C[C[C[C[C[C[Cgit pull[K
[K[A[C[C[C[C[C[C[C[C[C[C[C[C[C[C[C[C[C[C[C[C[C[C[C[C[C[C[C[C[C[C[C[C[C[C[C[C[C[C[C[C[C[Ccheckout ./sejong_ggplot.RDataa[A[C[C[C[C[C[C[C[C[C[C[C[C[C[C[C[C[C[C[C[C[C[C[C[C[C[C[C[C[C[C[C[C[C[C[C[C[C[C[C[C[C[C[C[C[C[CR/sejong_ggplot.RData[A[C[C[C[C[C[C[C[C[C[C[C[C[C[C[C[C[C[C[C[C[C[C[C[C[C[C[C[C[C[C[C[C[C[C[C[C[Cpull[K
[K[A[C[C[C[C[C[C[C[C[C[C[C[C[C[C[C[C[C[C[C[C[C[C[C[C[C[C[C[C[C[C[C[C[C[C[C[C[C[C[C[C[C[Csh https://kwlee58@github.coom/kwlee58/Stat_Intro.git master[A[C[C[C[C[C[Ccommit -m "final data gathered"[K[A[C[C[C[C[C[C[C[C[C[C[C[C[C[C[C[C[C[C[C[C[C[C[C[C[C[C[C[C[C[C[C[C[C[C[C[Cadd -A .[K
[K[A[C[C[C[C[C[C[C[C[C[C[C[C[C[C[C[C[C[C[C[C[C[C[C[C[C[C[C[C[C[C[C[C[C[C[C[C[C[C[C[C[C[C[C[C[C[C[2Pstatus
On branch master
Your branch is up to date with 'origin/master'.

Changes not staged for commit:
  (use "git add/rm <file>..." to update what will be committed)
  (use "git checkout -- <file>..." to discard changes in working directory)

	[31mdeleted:    ../.DS_Store[m
	[31mmodified:   ../.Rproj.user/6DF1EF29/console06/9096BD87[m
	[31mmodified:   ../.Rproj.user/6DF1EF29/console06/9096BD87.env[m
	[31mmodified:   ../.Rproj.user/6DF1EF29/console06/INDEX001[m
	[31mmodified:   ../.Rproj.user/6DF1EF29/sources/prop/INDEX[m
	[31mmodified:   ../.Rproj.user/shared/notebooks/paths[m
	[31mmodified:   Chosun_Field.html[m
	[31mmodified:   JTBC_20150303.Rmd[m
	[31mmodified:   Sejong_poll_Base.Rmd[m
	[31mmodified:   Sejong_poll_Base_pipe.Rmd[m
	[31mmodified:   Sejong_poll_data.Rmd[m
	[31mmodified:   Sejong_poll_data_kr_pipe.Rmd[m
	[31mmodified:   Sejong_poll_data_pipe.Rmd[m
	[31mmodified:   Sejong_poll_ggplot.Rmd[m
	[31mmodified:   poll_JTBC_170314.Rmd[m
	[31mmodified:   poll_SBS_170331.Rmd[m
	[31mmodified:   sejong_poll_data_kr.RData[m
	[31mmodified:   ../data/sejong_poll.txt[m
	[31mmodified:   ../pics/ poll_0314_source.png[m
	[31mmodified:   ../pics/ poll_JTBC_YRKim_law.png[m
	[31mmodified:   ../pics/JTBC_20150303.png[m
	[31mmodified:   ../pics/JTBC_20150303v2.png[m
	[31mmodified:   ../pics/SBS_170331.jpg[m
	[31mmodified:   ../pics/graunt_table.png[m
	[31mmodified:   ../pics/poll_201702_JTBC.jpg[m
	[31mmodified:   ../pics/poll_201702_YTN.jpg[m
	[31mmodified:   ../pics/poll_20170314_JTBC.jpg[m
	[31mmodified:   ../pics/poll_20170315_ChannelA.jpg[m
	[31mmodified:   ../pics/poll_20170315_real_meter.jpg[m
	[31mmodified:   ../pics/poll_20170315_real_meter2.jpg[m
	[31mmodified:   ../pics/sejong_poll_data.png[m

Untracked files:
  (use "git add <file>..." to include in what will be committed)

	[31m"../Icon\r"[m
	[31m"../data/Icon\r"[m
	[31m../docs/[m
	[31m"../pics/Icon\r"[m
	[31m../pics/chosun_field_ggplot.png[m
	[31m../pics/chosun_field_history.png[m
	[31m../pics/chosun_pop_household.png[m
	[31m../pics/chosun_population_households.png[m
	[31m../pics/chosun_tax_ggplot.png[m
	[31m../pics/chosun_tax_history.png[m

no changes added to commit (use "git add" and/or "git commit -a")
]0;~/Google 드라이브/Works/Class/Data_Science/R.WD/Summer_Camp/RKee-Wonui-New-MacBook:R coop2711$ git statusfind . -name "Icon?" -print0 | xarrgs -0 rm -rf
]0;~/Google 드라이브/Works/Class/Data_Science/R.WD/Summer_Camp/RKee-Wonui-New-MacBook:R coop2711$ find . -name "Icon?" -print0 | xarrgs -0 rm -rf[A[C[C[C[C[C[C[C[C[C[C[C[C[C[C[C[C[C[C[C[C[Cgit status[K
[K[A[C[C[C[C[C[C[C[C[C[C[C[C[C[C[C[C[C[C[C[C[C[C[C[C[C[C[C[C[C[C[C[C[C[C[C[C[C[C[C[C[C[C[C[C
On branch master
Your branch is up to date with 'origin/master'.

Changes not staged for commit:
  (use "git add/rm <file>..." to update what will be committed)
  (use "git checkout -- <file>..." to discard changes in working directory)

	[31mdeleted:    ../.DS_Store[m
	[31mmodified:   ../.Rproj.user/6DF1EF29/console06/9096BD87[m
	[31mmodified:   ../.Rproj.user/6DF1EF29/console06/9096BD87.env[m
	[31mmodified:   ../.Rproj.user/6DF1EF29/console06/INDEX001[m
	[31mmodified:   ../.Rproj.user/6DF1EF29/sources/prop/INDEX[m
	[31mmodified:   ../.Rproj.user/shared/notebooks/paths[m
	[31mmodified:   Chosun_Field.html[m
	[31mmodified:   JTBC_20150303.Rmd[m
	[31mmodified:   Sejong_poll_Base.Rmd[m
	[31mmodified:   Sejong_poll_Base_pipe.Rmd[m
	[31mmodified:   Sejong_poll_data.Rmd[m
	[31mmodified:   Sejong_poll_data_kr_pipe.Rmd[m
	[31mmodified:   Sejong_poll_data_pipe.Rmd[m
	[31mmodified:   Sejong_poll_ggplot.Rmd[m
	[31mmodified:   poll_JTBC_170314.Rmd[m
	[31mmodified:   poll_SBS_170331.Rmd[m
	[31mmodified:   sejong_poll_data_kr.RData[m
	[31mmodified:   ../data/sejong_poll.txt[m
	[31mmodified:   ../pics/ poll_0314_source.png[m
	[31mmodified:   ../pics/ poll_JTBC_YRKim_law.png[m
	[31mmodified:   ../pics/JTBC_20150303.png[m
	[31mmodified:   ../pics/JTBC_20150303v2.png[m
	[31mmodified:   ../pics/SBS_170331.jpg[m
	[31mmodified:   ../pics/graunt_table.png[m
	[31mmodified:   ../pics/poll_201702_JTBC.jpg[m
	[31mmodified:   ../pics/poll_201702_YTN.jpg[m
	[31mmodified:   ../pics/poll_20170314_JTBC.jpg[m
	[31mmodified:   ../pics/poll_20170315_ChannelA.jpg[m
	[31mmodified:   ../pics/poll_20170315_real_meter.jpg[m
	[31mmodified:   ../pics/poll_20170315_real_meter2.jpg[m
	[31mmodified:   ../pics/sejong_poll_data.png[m

Untracked files:
  (use "git add <file>..." to include in what will be committed)

	[31m"../Icon\r"[m
	[31m"../data/Icon\r"[m
	[31m../docs/[m
	[31m"../pics/Icon\r"[m
	[31m../pics/chosun_field_ggplot.png[m
	[31m../pics/chosun_field_history.png[m
	[31m../pics/chosun_pop_household.png[m
	[31m../pics/chosun_population_households.png[m
	[31m../pics/chosun_tax_ggplot.png[m
	[31m../pics/chosun_tax_history.png[m

no changes added to commit (use "git add" and/or "git commit -a")
]0;~/Google 드라이브/Works/Class/Data_Science/R.WD/Summer_Camp/RKee-Wonui-New-MacBook:R coop2711$ git add -A .
]0;~/Google 드라이브/Works/Class/Data_Science/R.WD/Summer_Camp/RKee-Wonui-New-MacBook:R coop2711$ git commit -m "CHosun added"
[master 818f061] CHosun added
 11 files changed, 9 insertions(+), 9 deletions(-)
 mode change 100755 => 100644 R/JTBC_20150303.Rmd
 mode change 100755 => 100644 R/Sejong_poll_Base.Rmd
 mode change 100755 => 100644 R/Sejong_poll_Base_pipe.Rmd
 mode change 100755 => 100644 R/Sejong_poll_data.Rmd
 mode change 100755 => 100644 R/Sejong_poll_data_kr_pipe.Rmd
 mode change 100755 => 100644 R/Sejong_poll_data_pipe.Rmd
 mode change 100755 => 100644 R/Sejong_poll_ggplot.Rmd
 mode change 100755 => 100644 R/poll_JTBC_170314.Rmd
 mode change 100755 => 100644 R/poll_SBS_170331.Rmd
 mode change 100755 => 100644 R/sejong_poll_data_kr.RData
]0;~/Google 드라이브/Works/Class/Data_Science/R.WD/Summer_Camp/RKee-Wonui-New-MacBook:R coop2711$ git commit -m "CHosun added"[16Padd -A .[2Pstatusfind . -name "Icon?" -print0 | xarrgs -0 rm -rf
]0;~/Google 드라이브/Works/Class/Data_Science/R.WD/Summer_Camp/RKee-Wonui-New-MacBook:R coop2711$ find . -name "Icon?" -print0 | xarrgs -0 rm -rf[A[C[C[C[C[C[C[C[C[C[C[C[C[C[C[C[C[C[C[C[C[C[5Pgit commit -m "CHosun added"
[K[A[C[C[C[C[C[C[C[C[C[C[C[C[C[C[C[C[C[C[C[C[C[C[C[C[C[C[C[C[C[C[C[C[C[C[C[C[C[C[C[C[C[C[C[C[C[C[C[C[C[C[C[C[C[C[C[C[C[C[C[C[C[C[16Padd -A .[2Pstatus
On branch master
Your branch is ahead of 'origin/master' by 1 commit.
  (use "git push" to publish your local commits)

Changes not staged for commit:
  (use "git add/rm <file>..." to update what will be committed)
  (use "git checkout -- <file>..." to discard changes in working directory)

	[31mdeleted:    ../.DS_Store[m
	[31mmodified:   ../.Rproj.user/6DF1EF29/console06/9096BD87[m
	[31mmodified:   ../.Rproj.user/6DF1EF29/console06/9096BD87.env[m
	[31mmodified:   ../.Rproj.user/6DF1EF29/console06/INDEX001[m
	[31mmodified:   ../.Rproj.user/6DF1EF29/sources/prop/INDEX[m
	[31mmodified:   ../.Rproj.user/shared/notebooks/paths[m
	[31mmodified:   ../data/sejong_poll.txt[m
	[31mmodified:   ../pics/ poll_0314_source.png[m
	[31mmodified:   ../pics/ poll_JTBC_YRKim_law.png[m
	[31mmodified:   ../pics/JTBC_20150303.png[m
	[31mmodified:   ../pics/JTBC_20150303v2.png[m
	[31mmodified:   ../pics/SBS_170331.jpg[m
	[31mmodified:   ../pics/graunt_table.png[m
	[31mmodified:   ../pics/poll_201702_JTBC.jpg[m
	[31mmodified:   ../pics/poll_201702_YTN.jpg[m
	[31mmodified:   ../pics/poll_20170314_JTBC.jpg[m
	[31mmodified:   ../pics/poll_20170315_ChannelA.jpg[m
	[31mmodified:   ../pics/poll_20170315_real_meter.jpg[m
	[31mmodified:   ../pics/poll_20170315_real_meter2.jpg[m
	[31mmodified:   ../pics/sejong_poll_data.png[m

Untracked files:
  (use "git add <file>..." to include in what will be committed)

	[31m"../Icon\r"[m
	[31m"../data/Icon\r"[m
	[31m../docs/[m
	[31m"../pics/Icon\r"[m
	[31m../pics/chosun_field_ggplot.png[m
	[31m../pics/chosun_field_history.png[m
	[31m../pics/chosun_pop_household.png[m
	[31m../pics/chosun_population_households.png[m
	[31m../pics/chosun_tax_ggplot.png[m
	[31m../pics/chosun_tax_history.png[m

no changes added to commit (use "git add" and/or "git commit -a")
]0;~/Google 드라이브/Works/Class/Data_Science/R.WD/Summer_Camp/RKee-Wonui-New-MacBook:R coop2711$ git statusfind . -name "Icon?" -print0 | xarrgs -0 rm -rf[A[C[C[C[C[C[C[C[C[C[C[C[C[C[C[C[C[C[C[C[C[C[C[C[C[C[C[C[C[C[C[C[C[C[C[C[C[C[C[C[C[C[C[C[C[C[C[C[C[C[C[C[C[C[C[C[C[C[C[C[C[C[C[C[C[C[C" -print0 | xarg[1P[A[C[C[C[C[C[C[C[C[C[C[C[C[C[C[C[C[C[C[C[C[C[C[C[C[C[C[C[C[C[C[C[C[C[C[C[C[C[C[C[C[C[C[C[C[C[C[C[C[C[C[C\" -print0 | xar[1@g[A[C[C[C[C[C[C[C[C[C[C[C[C[C[C[C[C[C[C[C[C[C[C[C[C[C[C[C[C[C[C[C[C[C[C[C[C[C[C[C[C[C[C[C[C[C[C[C[C[C[C[Cr" -print0 | xa[1@r[A[C[C[C[C[C[C[C[C[C[C[C[C[C[C[C[C[C[C[C[C[C[C[C[C[C[C[C[C[C[C[C[C[C[C[C[C[C[C[C[C[C[C[C[C[C[C[C[C[C[C[C[C

]0;~/Google 드라이브/Works/Class/Data_Science/R.WD/Summer_Camp/RKee-Wonui-New-MacBook:R coop2711$ find . -name "Icon\r" -print0 | xaargs -0 rm -rf[A[C[C[C[C[C[C[C[C[C[C[C[C[C[C[C[C[C[C[C[Cgit status[K
[K[A[C[C[C[C[C[C[C[C[C[C[C[C[C[C[C[C[C[C[C[C[C[C[C[C[C[C[C[C[C[C[C[C[C[C[C[C[C[C[C[C[C[C[C[Cfind . -name "Icon?" -print0 | xarrgs -0 rm -rf[A[C[C[C[C[C[C[C[C[C[C[C[C[C[C[C[C[C[C[C[C[Cgit status[K
[K[A[C[C[C[C[C[C[C[C[C[C[C[C[C[C[C[C[C[C[C[C[C[C[C[C[C[C[C[C[C[C[C[C[C[C[C[C[C[C[C[C[C[C[C[C
On branch master
Your branch is ahead of 'origin/master' by 1 commit.
  (use "git push" to publish your local commits)

Changes not staged for commit:
  (use "git add/rm <file>..." to update what will be committed)
  (use "git checkout -- <file>..." to discard changes in working directory)

	[31mdeleted:    ../.DS_Store[m
	[31mmodified:   ../.Rproj.user/6DF1EF29/console06/9096BD87[m
	[31mmodified:   ../.Rproj.user/6DF1EF29/console06/9096BD87.env[m
	[31mmodified:   ../.Rproj.user/6DF1EF29/console06/INDEX001[m
	[31mmodified:   ../.Rproj.user/6DF1EF29/sources/prop/INDEX[m
	[31mmodified:   ../.Rproj.user/shared/notebooks/paths[m
	[31mmodified:   ../data/sejong_poll.txt[m
	[31mmodified:   ../pics/ poll_0314_source.png[m
	[31mmodified:   ../pics/ poll_JTBC_YRKim_law.png[m
	[31mmodified:   ../pics/JTBC_20150303.png[m
	[31mmodified:   ../pics/JTBC_20150303v2.png[m
	[31mmodified:   ../pics/SBS_170331.jpg[m
	[31mmodified:   ../pics/graunt_table.png[m
	[31mmodified:   ../pics/poll_201702_JTBC.jpg[m
	[31mmodified:   ../pics/poll_201702_YTN.jpg[m
	[31mmodified:   ../pics/poll_20170314_JTBC.jpg[m
	[31mmodified:   ../pics/poll_20170315_ChannelA.jpg[m
	[31mmodified:   ../pics/poll_20170315_real_meter.jpg[m
	[31mmodified:   ../pics/poll_20170315_real_meter2.jpg[m
	[31mmodified:   ../pics/sejong_poll_data.png[m

Untracked files:
  (use "git add <file>..." to include in what will be committed)

	[31m"../Icon\r"[m
	[31m"../data/Icon\r"[m
	[31m../docs/[m
	[31m"../pics/Icon\r"[m
	[31m../pics/chosun_field_ggplot.png[m
	[31m../pics/chosun_field_history.png[m
	[31m../pics/chosun_pop_household.png[m
	[31m../pics/chosun_population_households.png[m
	[31m../pics/chosun_tax_ggplot.png[m
	[31m../pics/chosun_tax_history.png[m

no changes added to commit (use "git add" and/or "git commit -a")
]0;~/Google 드라이브/Works/Class/Data_Science/R.WD/Summer_Camp/RKee-Wonui-New-MacBook:R coop2711$ git commit -m "added"
On branch master
Your branch is ahead of 'origin/master' by 1 commit.
  (use "git push" to publish your local commits)

Changes not staged for commit:
	[31mdeleted:    ../.DS_Store[m
	[31mmodified:   ../.Rproj.user/6DF1EF29/console06/9096BD87[m
	[31mmodified:   ../.Rproj.user/6DF1EF29/console06/9096BD87.env[m
	[31mmodified:   ../.Rproj.user/6DF1EF29/console06/INDEX001[m
	[31mmodified:   ../.Rproj.user/6DF1EF29/sources/prop/INDEX[m
	[31mmodified:   ../.Rproj.user/shared/notebooks/paths[m
	[31mmodified:   ../data/sejong_poll.txt[m
	[31mmodified:   ../pics/ poll_0314_source.png[m
	[31mmodified:   ../pics/ poll_JTBC_YRKim_law.png[m
	[31mmodified:   ../pics/JTBC_20150303.png[m
	[31mmodified:   ../pics/JTBC_20150303v2.png[m
	[31mmodified:   ../pics/SBS_170331.jpg[m
	[31mmodified:   ../pics/graunt_table.png[m
	[31mmodified:   ../pics/poll_201702_JTBC.jpg[m
	[31mmodified:   ../pics/poll_201702_YTN.jpg[m
	[31mmodified:   ../pics/poll_20170314_JTBC.jpg[m
	[31mmodified:   ../pics/poll_20170315_ChannelA.jpg[m
	[31mmodified:   ../pics/poll_20170315_real_meter.jpg[m
	[31mmodified:   ../pics/poll_20170315_real_meter2.jpg[m
	[31mmodified:   ../pics/sejong_poll_data.png[m

Untracked files:
	[31m"../Icon\r"[m
	[31m"../data/Icon\r"[m
	[31m../docs/[m
	[31m"../pics/Icon\r"[m
	[31m../pics/chosun_field_ggplot.png[m
	[31m../pics/chosun_field_history.png[m
	[31m../pics/chosun_pop_household.png[m
	[31m../pics/chosun_population_households.png[m
	[31m../pics/chosun_tax_ggplot.png[m
	[31m../pics/chosun_tax_history.png[m

no changes added to commit
]0;~/Google 드라이브/Works/Class/Data_Science/R.WD/Summer_Camp/RKee-Wonui-New-MacBook:R coop2711$ git commit -m "added"[11Pstatusfind . -name "Icon\r" -print0 | xaargs -0 rm -rf[A[C[C[C[C[C[C[C[C[C[C[C[C[C[C[C[C[C[C[C[Cgit status[K
[K[A[C[C[C[C[C[C[C[C[C[C[C[C[C[C[C[C[C[C[C[C[C[C[C[C[C[C[C[C[C[C[C[C[C[C[C[C[C[C[C[C[C[C[C[Cfind . -name "Icon?" -print0 | xarrgs -0 rm -rf[A[C[C[C[C[C[C[C[C[C[C[C[C[C[C[C[C[C[C[C[C[C[5Pgit commit -m "CHosun added"
[K[A[C[C[C[C[C[C[C[C[C[C[C[C[C[C[C[C[C[C[C[C[C[C[C[C[C[C[C[C[C[C[C[C[C[C[C[C[C[C[C[C[C[C[C[C[C[C[C[C[C[C[C[C[C[C[C[C[C[C[C[C[C[C[16Padd -A .[2Pstatusfind . -name "Icon?" -print0 | xarrgs -0 rm -rf[A[C[C[C[C[C[C[C[C[C[C[C[C[C[C[C[C[C[C[C[C[Cgit status[K
[K[A[C[C[C[C[C[C[C[C[C[C[C[C[C[C[C[C[C[C[C[C[C[C[C[C[C[C[C[C[C[C[C[C[C[C[C[C[C[C[C[C[C[C[C[Cfind . -name "Icon?" -print0 | xarrgs -0 rm -rf[A[C[C[C[C[C[C[C[C[C[C[C[C[C[C[C[C[C[C[C[C[Cgit pull[K
[K[A[C[C[C[C[C[C[C[C[C[C[C[C[C[C[C[C[C[C[C[C[C[C[C[C[C[C[C[C[C[C[C[C[C[C[C[C[C[C[C[C[C[Ccheckout ./sejong_ggplot.RDataa[A[C[C[C[C[C[C[C[C[C[C[C[C[C[C[C[C[C[C[C[C[C[C[C[C[C[C[C[C[C[C[C[C[C[C[C[C[C[C[C[C[C[C[C[C[C[CR/sejong_ggplot.RData[A[C[C[C[C[C[C[C[C[C[C[C[C[C[C[C[C[C[C[C[C[C[C[C[C[C[C[C[C[C[C[C[C[C[C[C[C[Cpull[K
[K[A[C[C[C[C[C[C[C[C[C[C[C[C[C[C[C[C[C[C[C[C[C[C[C[C[C[C[C[C[C[C[C[C[C[C[C[C[C[C[C[C[C[Csh https://kwlee58@github.coom/kwlee58/Stat_Intro.git master[A[C[C[C[C[C[C[C[C[C[C[C[C[C[C[C[C[C[C[C[C[C[C[C[C[C[C[C[C[C[C[C[C[C[C[C[C[C[C[C[C[C[C[C[C[C[C[C[C[C[C[C[C[C[C[C[C[C[C[C[C[C[C[C[C[C[C@github.com[1P[A[C[C[C[C[C[C[C[C[C[C[C[C[C[C[C[C[C[C[C[C[C[C[C[C[C[C[C[C[C[C[C[C[C[C[C[C[C[C[C[C[C[C[C[C[C[C[C[C[C[C[C[C[C[C[C[C@github.com/[1P[A[C[C[C[C[C[C[C[C[C[C[C[C[C[C[C[C[C[C[C[C[C[C[C[C[C[C[C[C[C[C[C[C[C[C[C[C[C[C[C[C[C[C[C[C[C[C[C[C[C[C[C[C[C[C[C@github.com/k[1P[A[C[C[C[C[C[C[C[C[C[C[C[C[C[C[C[C[C[C[C[C[C[C[C[C[C[C[C[C[C[C[C[C[C[C[C[C[C[C[C[C[C[C[C[C[C[C[C[C[C[C[C[C[C[C@github.com/kw[1P[A[C[C[C[C[C[C[C[C[C[C[C[C[C[C[C[C[C[C[C[C[C[C[C[C[C[C[C[C[C[C[C[C[C[C[C[C[C[C[C[C[C[C[C[C[C[C[C[C[C[C[C[C[C@github.com/kwl[1P[A[C[C[C[C[C[C[C[C[C[C[C[C[C[C[C[C[C[C[C[C[C[C[C[C[C[C[C[C[C[C[C[C[C[C[C[C[C[C[C[C[C[C[C[C[C[C[C[C[C[C[C[C@github.com/kwle[C[1P[A[C[C[C[C[C[C[C[C[C[C[C[C[C[C[C[C[C[C[C[C[C[C[C[C[C[C[C[C[C[C[C[C[C[C[C[C[C[C[C[C[C[C[C[C[C[C[C[C[C[C@github.com/kwlee[1P[A[C[C[C[C[C[C[C[C[C[C[C[C[C[C[C[C[C[C[C[C[C[C[C[C[C[C[C[C[C[C[C[C[C[C[C[C[C[C[C[C[C[C[C[C[C[C[C[C[C[Cc@github.com/kwle[1@e[A[C[C[C[C[C[C[C[C[C[C[C[C[C[C[C[C[C[C[C[C[C[C[C[C[C[C[C[C[C[C[C[C[C[C[C[C[C[C[C[C[C[C[C[C[C[C[C[C[C[Co@github.com/kwl[C[1@e[A[C[C[C[C[C[C[C[C[C[C[C[C[C[C[C[C[C[C[C[C[C[C[C[C[C[C[C[C[C[C[C[C[C[C[C[C[C[C[C[C[C[C[C[C[C[C[C[C[C[Co@github.com/kw[1@l[A[C[C[C[C[C[C[C[C[C[C[C[C[C[C[C[C[C[C[C[C[C[C[C[C[C[C[C[C[C[C[C[C[C[C[C[C[C[C[C[C[C[C[C[C[C[C[C[C[C[C[C[Cp@github.com/k[1@w[A[C[C[C[C[C[C[C[C[C[C[C[C[C[C[C[C[C[C[C[C[C[C[C[C[C[C[C[C[C[C[C[C[C[C[C[C[C[C[C[C[C[C[C[C[C[C[C[C[C[C[C[C[C7@github.com/[1@k[A[C[C[C[C[C[C[C[C[C[C[C[C[C[C[C[C[C[C[C[C[C[C[C[C[C[C[C[C[C[C[C[C[C[C[C[C[C[C[C[C[C[C[C[C[C[C[C[C[C[C[C[C[C[C1@github.com[1@/[A[C[C[C[C[C[C[C[C[C[C[C[C[C[C[C[C[C[C[C[C[C[C[C[C[C[C[C[C[C[C[C[C[C[C[C[C[C[C[C[C[C[C[C[C[C[C[C[C[C[C[C[C[C[C[C1@github.co[1@m[A[C[C[C[C[C[C[C[C[C[C[C[C[C[C[C[C[C[C[C[C[C[C[C[C[C[C[C[C[C[C[C[C[C[C[C[C[C[C[C[C[C[C[C[C[C[C[C[C[C[C[C[C[C[C[C[C[C[C[C[C[C[C[C[C
[C[C[C[C[C[C[C[C[C[C[1P[1P[1P[1P[1P[1P[1P[1@c[1@o[1@o[1@p[1@7[1@1[1@1[C[C[C[C[C[C[C[C[C[C[C[1P[1P[1P[1P[1P[1P[1P[1P[1P[1P[1@S[1@u[1@m[1@m[1@e[1@r[1@_[1@C[1@a[1@m[1@p
Enumerating objects: 7, done.
Counting objects:  14% (1/7)   Counting objects:  28% (2/7)   Counting objects:  42% (3/7)   Counting objects:  57% (4/7)   Counting objects:  71% (5/7)   Counting objects:  85% (6/7)   Counting objects: 100% (7/7)   Counting objects: 100% (7/7), done.
Delta compression using up to 4 threads
Compressing objects:  25% (1/4)   Compressing objects:  50% (2/4)   Compressing objects:  75% (3/4)   Compressing objects: 100% (4/4)   Compressing objects: 100% (4/4), done.
Writing objects:  25% (1/4)   Writing objects:  50% (2/4)   Writing objects:  75% (3/4)   Writing objects:  75% (3/4), 1.09 MiB | 350.00 KiB/s   Writing objects:  75% (3/4), 1.40 MiB | 381.00 KiB/s   Writing objects:  75% (3/4), 1.46 MiB | 314.00 KiB/s   Writing objects:  75% (3/4), 1.59 MiB | 281.00 KiB/s   Writing objects: 100% (4/4), 1.59 MiB | 281.00 KiB/s   Writing objects: 100% (4/4), 1.70 MiB | 286.00 KiB/s, done.
Total 4 (delta 3), reused 0 (delta 0)
remote: Resolving deltas:   0% (0/3)   [Kremote: Resolving deltas:  33% (1/3)   [Kremote: Resolving deltas:  66% (2/3)   [Kremote: Resolving deltas: 100% (3/3)   [Kremote: Resolving deltas: 100% (3/3), completed with 3 local objects.[K
To https://github.com/coop711/Summer_Camp.git
   28ee5d6..818f061  master -> master
]0;~/Google 드라이브/Works/Class/Data_Science/R.WD/Summer_Camp/RKee-Wonui-New-MacBook:R coop2711$ pwd
/Users/coop2711/Google 드라이브/Works/Class/Data_Science/R.WD/Summer_Camp/R
]0;~/Google 드라이브/Works/Class/Data_Science/R.WD/Summer_Camp/RKee-Wonui-New-MacBook:R coop2711$ cd ..
]0;~/Google 드라이브/Works/Class/Data_Science/R.WD/Summer_CampKee-Wonui-New-MacBook:Summer_Camp coop2711$ cd ..[2Ppwdgit push https://coop7111@github.com/coop711/Summer_Camp.git master[A[C[C[C[C[C[2Pcommit -m "added"
[K[A[C[C[C[C[C[C[C[C[C[C[C[C[C[C[C[C[C[C[C[C[C[C[C[C[C[C[C[C[C[C[C[C[C[C[C[C[C[C[C[C[C[C[C[C[C[C[C[C[C[C[C[C[C[C[C[C[C[C[C[C[C[C[C[C[C[11Pstatusfind . -name "Icon\r" -pprint0 | xargs -0 rm -rf
]0;~/Google 드라이브/Works/Class/Data_Science/R.WD/Summer_CampKee-Wonui-New-MacBook:Summer_Camp coop2711$ find . -name "Icon\r" -pprint0 | xargs -0 rm -rf[A[C[C[C[C[C[C[C[C[C[C[C[C[C[C[C[C[C[C[C[Ccd ..[K
[K[A[C[C[C[C[C[C[C[C[C[C[C[C[C[C[C[C[C[C[C[C[C[C[C[C[C[C[C[C[C[C[C[C[C[C[C[C[C[C[C[C[C[C[C[C[C[C[C[C[C[2Ppwdgit push https://coop7111@github.com/coop711/Summer_Camp.git master[A[C[C[C[C[C[2Pcommit -m "added"
[K[A[C[C[C[C[C[C[C[C[C[C[C[C[C[C[C[C[C[C[C[C[C[C[C[C[C[C[C[C[C[C[C[C[C[C[C[C[C[C[C[C[C[C[C[C[C[C[C[C[C[C[C[C[C[C[C[C[C[C[C[C[C[C[C[C[C[11Pstatus
On branch master
Your branch is ahead of 'origin/master' by 1 commit.
  (use "git push" to publish your local commits)

Changes not staged for commit:
  (use "git add <file>..." to update what will be committed)
  (use "git checkout -- <file>..." to discard changes in working directory)

	[31mmodified:   .DS_Store[m
	[31mmodified:   .Rproj.user/6DF1EF29/console06/9096BD87[m
	[31mmodified:   .Rproj.user/6DF1EF29/console06/9096BD87.env[m
	[31mmodified:   .Rproj.user/6DF1EF29/console06/INDEX001[m
	[31mmodified:   .Rproj.user/6DF1EF29/sources/prop/INDEX[m
	[31mmodified:   .Rproj.user/shared/notebooks/paths[m
	[31mmodified:   data/sejong_poll.txt[m
	[31mmodified:   pics/ poll_0314_source.png[m
	[31mmodified:   pics/ poll_JTBC_YRKim_law.png[m
	[31mmodified:   pics/JTBC_20150303.png[m
	[31mmodified:   pics/JTBC_20150303v2.png[m
	[31mmodified:   pics/SBS_170331.jpg[m
	[31mmodified:   pics/graunt_table.png[m
	[31mmodified:   pics/poll_201702_JTBC.jpg[m
	[31mmodified:   pics/poll_201702_YTN.jpg[m
	[31mmodified:   pics/poll_20170314_JTBC.jpg[m
	[31mmodified:   pics/poll_20170315_ChannelA.jpg[m
	[31mmodified:   pics/poll_20170315_real_meter.jpg[m
	[31mmodified:   pics/poll_20170315_real_meter2.jpg[m
	[31mmodified:   pics/sejong_poll_data.png[m

Untracked files:
  (use "git add <file>..." to include in what will be committed)

	[31mpics/chosun_field_ggplot.png[m
	[31mpics/chosun_field_history.png[m
	[31mpics/chosun_pop_household.png[m
	[31mpics/chosun_population_households.png[m
	[31mpics/chosun_tax_ggplot.png[m
	[31mpics/chosun_tax_history.png[m

no changes added to commit (use "git add" and/or "git commit -a")
]0;~/Google 드라이브/Works/Class/Data_Science/R.WD/Summer_CampKee-Wonui-New-MacBook:Summer_Camp coop2711$ git add -A .